Archive member included to satisfy reference by file (symbol)

C:/ST/STM32CubeIDE_1.10.1/STM32CubeIDE/plugins/com.st.stm32cube.ide.mcu.externaltools.gnu-tools-for-stm32.11.3.rel1.win32_1.1.0.202305231506/tools/bin/../lib/gcc/arm-none-eabi/11.3.1/../../../../arm-none-eabi/lib/thumb/v7e-m+fp/hard\libc_nano.a(libc_a-exit.o)
                              C:/ST/STM32CubeIDE_1.10.1/STM32CubeIDE/plugins/com.st.stm32cube.ide.mcu.externaltools.gnu-tools-for-stm32.11.3.rel1.win32_1.1.0.202305231506/tools/bin/../lib/gcc/arm-none-eabi/11.3.1/../../../../arm-none-eabi/lib/thumb/v7e-m+fp/hard/crt0.o (exit)
C:/ST/STM32CubeIDE_1.10.1/STM32CubeIDE/plugins/com.st.stm32cube.ide.mcu.externaltools.gnu-tools-for-stm32.11.3.rel1.win32_1.1.0.202305231506/tools/bin/../lib/gcc/arm-none-eabi/11.3.1/../../../../arm-none-eabi/lib/thumb/v7e-m+fp/hard\libc_nano.a(libc_a-realloc.o)
                              ./Core/Src/mainpp.o (realloc)
C:/ST/STM32CubeIDE_1.10.1/STM32CubeIDE/plugins/com.st.stm32cube.ide.mcu.externaltools.gnu-tools-for-stm32.11.3.rel1.win32_1.1.0.202305231506/tools/bin/../lib/gcc/arm-none-eabi/11.3.1/../../../../arm-none-eabi/lib/thumb/v7e-m+fp/hard\libc_nano.a(libc_a-reallocr.o)
                              C:/ST/STM32CubeIDE_1.10.1/STM32CubeIDE/plugins/com.st.stm32cube.ide.mcu.externaltools.gnu-tools-for-stm32.11.3.rel1.win32_1.1.0.202305231506/tools/bin/../lib/gcc/arm-none-eabi/11.3.1/../../../../arm-none-eabi/lib/thumb/v7e-m+fp/hard\libc_nano.a(libc_a-realloc.o) (_realloc_r)
C:/ST/STM32CubeIDE_1.10.1/STM32CubeIDE/plugins/com.st.stm32cube.ide.mcu.externaltools.gnu-tools-for-stm32.11.3.rel1.win32_1.1.0.202305231506/tools/bin/../lib/gcc/arm-none-eabi/11.3.1/../../../../arm-none-eabi/lib/thumb/v7e-m+fp/hard\libc_nano.a(libc_a-findfp.o)
                              C:/ST/STM32CubeIDE_1.10.1/STM32CubeIDE/plugins/com.st.stm32cube.ide.mcu.externaltools.gnu-tools-for-stm32.11.3.rel1.win32_1.1.0.202305231506/tools/bin/../lib/gcc/arm-none-eabi/11.3.1/../../../../arm-none-eabi/lib/thumb/v7e-m+fp/hard\libc_nano.a(libc_a-exit.o) (__stdio_exit_handler)
C:/ST/STM32CubeIDE_1.10.1/STM32CubeIDE/plugins/com.st.stm32cube.ide.mcu.externaltools.gnu-tools-for-stm32.11.3.rel1.win32_1.1.0.202305231506/tools/bin/../lib/gcc/arm-none-eabi/11.3.1/../../../../arm-none-eabi/lib/thumb/v7e-m+fp/hard\libc_nano.a(libc_a-fwalk.o)
                              C:/ST/STM32CubeIDE_1.10.1/STM32CubeIDE/plugins/com.st.stm32cube.ide.mcu.externaltools.gnu-tools-for-stm32.11.3.rel1.win32_1.1.0.202305231506/tools/bin/../lib/gcc/arm-none-eabi/11.3.1/../../../../arm-none-eabi/lib/thumb/v7e-m+fp/hard\libc_nano.a(libc_a-findfp.o) (_fwalk_sglue)
C:/ST/STM32CubeIDE_1.10.1/STM32CubeIDE/plugins/com.st.stm32cube.ide.mcu.externaltools.gnu-tools-for-stm32.11.3.rel1.win32_1.1.0.202305231506/tools/bin/../lib/gcc/arm-none-eabi/11.3.1/../../../../arm-none-eabi/lib/thumb/v7e-m+fp/hard\libc_nano.a(libc_a-stdio.o)
                              C:/ST/STM32CubeIDE_1.10.1/STM32CubeIDE/plugins/com.st.stm32cube.ide.mcu.externaltools.gnu-tools-for-stm32.11.3.rel1.win32_1.1.0.202305231506/tools/bin/../lib/gcc/arm-none-eabi/11.3.1/../../../../arm-none-eabi/lib/thumb/v7e-m+fp/hard\libc_nano.a(libc_a-findfp.o) (__sread)
C:/ST/STM32CubeIDE_1.10.1/STM32CubeIDE/plugins/com.st.stm32cube.ide.mcu.externaltools.gnu-tools-for-stm32.11.3.rel1.win32_1.1.0.202305231506/tools/bin/../lib/gcc/arm-none-eabi/11.3.1/../../../../arm-none-eabi/lib/thumb/v7e-m+fp/hard\libc_nano.a(libc_a-memset.o)
                              C:/ST/STM32CubeIDE_1.10.1/STM32CubeIDE/plugins/com.st.stm32cube.ide.mcu.externaltools.gnu-tools-for-stm32.11.3.rel1.win32_1.1.0.202305231506/tools/bin/../lib/gcc/arm-none-eabi/11.3.1/../../../../arm-none-eabi/lib/thumb/v7e-m+fp/hard/crt0.o (memset)
C:/ST/STM32CubeIDE_1.10.1/STM32CubeIDE/plugins/com.st.stm32cube.ide.mcu.externaltools.gnu-tools-for-stm32.11.3.rel1.win32_1.1.0.202305231506/tools/bin/../lib/gcc/arm-none-eabi/11.3.1/../../../../arm-none-eabi/lib/thumb/v7e-m+fp/hard\libc_nano.a(libc_a-closer.o)
                              C:/ST/STM32CubeIDE_1.10.1/STM32CubeIDE/plugins/com.st.stm32cube.ide.mcu.externaltools.gnu-tools-for-stm32.11.3.rel1.win32_1.1.0.202305231506/tools/bin/../lib/gcc/arm-none-eabi/11.3.1/../../../../arm-none-eabi/lib/thumb/v7e-m+fp/hard\libc_nano.a(libc_a-stdio.o) (_close_r)
C:/ST/STM32CubeIDE_1.10.1/STM32CubeIDE/plugins/com.st.stm32cube.ide.mcu.externaltools.gnu-tools-for-stm32.11.3.rel1.win32_1.1.0.202305231506/tools/bin/../lib/gcc/arm-none-eabi/11.3.1/../../../../arm-none-eabi/lib/thumb/v7e-m+fp/hard\libc_nano.a(libc_a-reent.o)
                              C:/ST/STM32CubeIDE_1.10.1/STM32CubeIDE/plugins/com.st.stm32cube.ide.mcu.externaltools.gnu-tools-for-stm32.11.3.rel1.win32_1.1.0.202305231506/tools/bin/../lib/gcc/arm-none-eabi/11.3.1/../../../../arm-none-eabi/lib/thumb/v7e-m+fp/hard\libc_nano.a(libc_a-closer.o) (errno)
[...]
Memory Configuration

Name             Origin             Length             Attributes
RAM              0x0000000020000000 0x0000000000020000 xrw
FLASH            0x0000000008000000 0x0000000000080000 xr
*default*        0x0000000000000000 0xffffffffffffffff

Linker script and memory map

LOAD C:/ST/STM32CubeIDE_1.10.1/STM32CubeIDE/plugins/com.st.stm32cube.ide.mcu.externaltools.gnu-tools-for-stm32.11.3.rel1.win32_1.1.0.202305231506/tools/bin/../lib/gcc/arm-none-eabi/11.3.1/thumb/v7e-m+fp/hard/crti.o
LOAD C:/ST/STM32CubeIDE_1.10.1/STM32CubeIDE/plugins/com.st.stm32cube.ide.mcu.externaltools.gnu-tools-for-stm32.11.3.rel1.win32_1.1.0.202305231506/tools/bin/../lib/gcc/arm-none-eabi/11.3.1/thumb/v7e-m+fp/hard/crtbegin.o
LOAD C:/ST/STM32CubeIDE_1.10.1/STM32CubeIDE/plugins/com.st.stm32cube.ide.mcu.externaltools.gnu-tools-for-stm32.11.3.rel1.win32_1.1.0.202305231506/tools/bin/../lib/gcc/arm-none-eabi/11.3.1/../../../../arm-none-eabi/lib/thumb/v7e-m+fp/hard/crt0.o
LOAD ./Core/Inc/duration.o
LOAD ./Core/Inc/time.o
LOAD ./Core/Src/main.o
LOAD ./Core/Src/mainpp.o
LOAD ./Core/Src/stm32f4xx_hal_msp.o
LOAD ./Core/Src/stm32f4xx_it.o
LOAD ./Core/Src/syscalls.o
LOAD ./Core/Src/sysmem.o
LOAD ./Core/Src/system_stm32f4xx.o
LOAD ./Core/Startup/startup_stm32f446retx.o
LOAD ./Drivers/STM32F4xx_HAL_Driver/Src/stm32f4xx_hal.o
LOAD ./Drivers/STM32F4xx_HAL_Driver/Src/stm32f4xx_hal_cortex.o
LOAD ./Drivers/STM32F4xx_HAL_Driver/Src/stm32f4xx_hal_dma.o
LOAD ./Drivers/STM32F4xx_HAL_Driver/Src/stm32f4xx_hal_dma_ex.o
LOAD ./Drivers/STM32F4xx_HAL_Driver/Src/stm32f4xx_hal_exti.o
LOAD ./Drivers/STM32F4xx_HAL_Driver/Src/stm32f4xx_hal_flash.o
LOAD ./Drivers/STM32F4xx_HAL_Driver/Src/stm32f4xx_hal_flash_ex.o
LOAD ./Drivers/STM32F4xx_HAL_Driver/Src/stm32f4xx_hal_flash_ramfunc.o
LOAD ./Drivers/STM32F4xx_HAL_Driver/Src/stm32f4xx_hal_gpio.o
LOAD ./Drivers/STM32F4xx_HAL_Driver/Src/stm32f4xx_hal_pwr.o
LOAD ./Drivers/STM32F4xx_HAL_Driver/Src/stm32f4xx_hal_pwr_ex.o
LOAD ./Drivers/STM32F4xx_HAL_Driver/Src/stm32f4xx_hal_rcc.o
LOAD ./Drivers/STM32F4xx_HAL_Driver/Src/stm32f4xx_hal_rcc_ex.o
LOAD ./Drivers/STM32F4xx_HAL_Driver/Src/stm32f4xx_hal_tim.o
LOAD ./Drivers/STM32F4xx_HAL_Driver/Src/stm32f4xx_hal_tim_ex.o
LOAD ./Drivers/STM32F4xx_HAL_Driver/Src/stm32f4xx_hal_uart.o
START GROUP
LOAD C:/ST/STM32CubeIDE_1.10.1/STM32CubeIDE/plugins/com.st.stm32cube.ide.mcu.externaltools.gnu-tools-for-stm32.11.3.rel1.win32_1.1.0.202305231506/tools/bin/../lib/gcc/arm-none-eabi/11.3.1/../../../../arm-none-eabi/lib/thumb/v7e-m+fp/hard\libstdc++_nano.a
LOAD C:/ST/STM32CubeIDE_1.10.1/STM32CubeIDE/plugins/com.st.stm32cube.ide.mcu.externaltools.gnu-tools-for-stm32.11.3.rel1.win32_1.1.0.202305231506/tools/bin/../lib/gcc/arm-none-eabi/11.3.1/../../../../arm-none-eabi/lib/thumb/v7e-m+fp/hard\libsupc++_nano.a
END GROUP
LOAD C:/ST/STM32CubeIDE_1.10.1/STM32CubeIDE/plugins/com.st.stm32cube.ide.mcu.externaltools.gnu-tools-for-stm32.11.3.rel1.win32_1.1.0.202305231506/tools/bin/../lib/gcc/arm-none-eabi/11.3.1/../../../../arm-none-eabi/lib/thumb/v7e-m+fp/hard\libstdc++_nano.a
LOAD C:/ST/STM32CubeIDE_1.10.1/STM32CubeIDE/plugins/com.st.stm32cube.ide.mcu.externaltools.gnu-tools-for-stm32.11.3.rel1.win32_1.1.0.202305231506/tools/bin/../lib/gcc/arm-none-eabi/11.3.1/../../../../arm-none-eabi/lib/thumb/v7e-m+fp/hard\libm.a
LOAD C:/ST/STM32CubeIDE_1.10.1/STM32CubeIDE/plugins/com.st.stm32cube.ide.mcu.externaltools.gnu-tools-for-stm32.11.3.rel1.win32_1.1.0.202305231506/tools/bin/../lib/gcc/arm-none-eabi/11.3.1/../../../../arm-none-eabi/lib/thumb/v7e-m+fp/hard\libc_nano.a
START GROUP
LOAD C:/ST/STM32CubeIDE_1.10.1/STM32CubeIDE/plugins/com.st.stm32cube.ide.mcu.externaltools.gnu-tools-for-stm32.11.3.rel1.win32_1.1.0.202305231506/tools/bin/../lib/gcc/arm-none-eabi/11.3.1/thumb/v7e-m+fp/hard\libgcc.a
LOAD C:/ST/STM32CubeIDE_1.10.1/STM32CubeIDE/plugins/com.st.stm32cube.ide.mcu.externaltools.gnu-tools-for-stm32.11.3.rel1.win32_1.1.0.202305231506/tools/bin/../lib/gcc/arm-none-eabi/11.3.1/../../../../arm-none-eabi/lib/thumb/v7e-m+fp/hard\libc_nano.a
END GROUP
START GROUP
LOAD C:/ST/STM32CubeIDE_1.10.1/STM32CubeIDE/plugins/com.st.stm32cube.ide.mcu.externaltools.gnu-tools-for-stm32.11.3.rel1.win32_1.1.0.202305231506/tools/bin/../lib/gcc/arm-none-eabi/11.3.1/thumb/v7e-m+fp/hard\libgcc.a
LOAD C:/ST/STM32CubeIDE_1.10.1/STM32CubeIDE/plugins/com.st.stm32cube.ide.mcu.externaltools.gnu-tools-for-stm32.11.3.rel1.win32_1.1.0.202305231506/tools/bin/../lib/gcc/arm-none-eabi/11.3.1/../../../../arm-none-eabi/lib/thumb/v7e-m+fp/hard\libc_nano.a
LOAD C:/ST/STM32CubeIDE_1.10.1/STM32CubeIDE/plugins/com.st.stm32cube.ide.mcu.externaltools.gnu-tools-for-stm32.11.3.rel1.win32_1.1.0.202305231506/tools/bin/../lib/gcc/arm-none-eabi/11.3.1/../../../../arm-none-eabi/lib/thumb/v7e-m+fp/hard\libnosys.a
END GROUP
START GROUP
LOAD C:/ST/STM32CubeIDE_1.10.1/STM32CubeIDE/plugins/com.st.stm32cube.ide.mcu.externaltools.gnu-tools-for-stm32.11.3.rel1.win32_1.1.0.202305231506/tools/bin/../lib/gcc/arm-none-eabi/11.3.1/thumb/v7e-m+fp/hard\libgcc.a
LOAD C:/ST/STM32CubeIDE_1.10.1/STM32CubeIDE/plugins/com.st.stm32cube.ide.mcu.externaltools.gnu-tools-for-stm32.11.3.rel1.win32_1.1.0.202305231506/tools/bin/../lib/gcc/arm-none-eabi/11.3.1/../../../../arm-none-eabi/lib/thumb/v7e-m+fp/hard\libc_nano.a
LOAD C:/ST/STM32CubeIDE_1.10.1/STM32CubeIDE/plugins/com.st.stm32cube.ide.mcu.externaltools.gnu-tools-for-stm32.11.3.rel1.win32_1.1.0.202305231506/tools/bin/../lib/gcc/arm-none-eabi/11.3.1/../../../../arm-none-eabi/lib/thumb/v7e-m+fp/hard\libnosys.a
END GROUP
LOAD C:/ST/STM32CubeIDE_1.10.1/STM32CubeIDE/plugins/com.st.stm32cube.ide.mcu.externaltools.gnu-tools-for-stm32.11.3.rel1.win32_1.1.0.202305231506/tools/bin/../lib/gcc/arm-none-eabi/11.3.1/thumb/v7e-m+fp/hard/crtend.o
LOAD C:/ST/STM32CubeIDE_1.10.1/STM32CubeIDE/plugins/com.st.stm32cube.ide.mcu.externaltools.gnu-tools-for-stm32.11.3.rel1.win32_1.1.0.202305231506/tools/bin/../lib/gcc/arm-none-eabi/11.3.1/thumb/v7e-m+fp/hard/crtn.o
                0x0000000020020000                _estack = (ORIGIN (RAM) + LENGTH (RAM))
                0x0000000000000200                _Min_Heap_Size = 0x200
                0x0000000000000400                _Min_Stack_Size = 0x400

.isr_vector     0x0000000008000000      0x1c4
                0x0000000008000000                . = ALIGN (0x4)
 *(.isr_vector)
 .isr_vector    0x0000000008000000      0x1c4 ./Core/Startup/startup_stm32f446retx.o
                0x0000000008000000                g_pfnVectors
                0x00000000080001c4                . = ALIGN (0x4)

.text           0x00000000080001c4     0x6b58
                0x00000000080001c4                . = ALIGN (0x4)
 *(.text)
 .text          0x00000000080001c4       0x40 C:/ST/STM32CubeIDE_1.10.1/STM32CubeIDE/plugins/com.st.stm32cube.ide.mcu.externaltools.gnu-tools-for-stm32.11.3.rel1.win32_1.1.0.202305231506/tools/bin/../lib/gcc/arm-none-eabi/11.3.1/thumb/v7e-m+fp/hard/crtbegin.o
 .text          0x0000000008000204       0x10 C:/ST/STM32CubeIDE_1.10.1/STM32CubeIDE/plugins/com.st.stm32cube.ide.mcu.externaltools.gnu-tools-for-stm32.11.3.rel1.win32_1.1.0.202305231506/tools/bin/../lib/gcc/arm-none-eabi/11.3.1/../../../../arm-none-eabi/lib/thumb/v7e-m+fp/hard\libc_nano.a(libc_a-strlen.o)
                0x0000000008000204                strlen
 .text          0x0000000008000214       0x30 C:/ST/STM32CubeIDE_1.10.1/STM32CubeIDE/plugins/com.st.stm32cube.ide.mcu.externaltools.gnu-tools-for-stm32.11.3.rel1.win32_1.1.0.202305231506/tools/bin/../lib/gcc/arm-none-eabi/11.3.1/thumb/v7e-m+fp/hard\libgcc.a(_aeabi_uldivmod.o)
                0x0000000008000214                __aeabi_uldivmod
 .text          0x0000000008000244      0x2c8 C:/ST/STM32CubeIDE_1.10.1/STM32CubeIDE/plugins/com.st.stm32cube.ide.mcu.externaltools.gnu-tools-for-stm32.11.3.rel1.win32_1.1.0.202305231506/tools/bin/../lib/gcc/arm-none-eabi/11.3.1/thumb/v7e-m+fp/hard\libgcc.a(_udivmoddi4.o)
                0x0000000008000244                __udivmoddi4
 .text          0x000000000800050c        0x4 C:/ST/STM32CubeIDE_1.10.1/STM32CubeIDE/plugins/com.st.stm32cube.ide.mcu.externaltools.gnu-tools-for-stm32.11.3.rel1.win32_1.1.0.202305231506/tools/bin/../lib/gcc/arm-none-eabi/11.3.1/thumb/v7e-m+fp/hard\libgcc.a(_dvmd_tls.o)
                0x000000000800050c                __aeabi_idiv0
                0x000000000800050c                __aeabi_ldiv0
 *(.text*)
 .text._ZN3ros16normalizeSecNSecERmS0_
                0x0000000008000510       0x58 ./Core/Inc/time.o
                0x0000000008000510                ros::normalizeSecNSec(unsigned long&, unsigned long&)
 .text.main     0x0000000008000568       0x30 ./Core/Src/main.o
                0x0000000008000568                main
 .text.SystemClock_Config
                0x0000000008000598       0xdc ./Core/Src/main.o
                0x0000000008000598                SystemClock_Config
 .text.MX_TIM1_Init
                0x0000000008000674       0xa0 ./Core/Src/main.o
 .text.MX_USART2_UART_Init
                0x0000000008000714       0x54 ./Core/Src/main.o
 .text.MX_DMA_Init
                0x0000000008000768       0x50 ./Core/Src/main.o
 .text.MX_GPIO_Init
                0x00000000080007b8       0xdc ./Core/Src/main.o
 .text.HAL_TIM_PeriodElapsedCallback
                0x0000000008000894       0x24 ./Core/Src/main.o
                0x0000000008000894                HAL_TIM_PeriodElapsedCallback
 .text.Error_Handler
                0x00000000080008b8        0xa ./Core/Src/main.o
                0x00000000080008b8                Error_Handler
 .text._ZN3ros4TimeC2Ev
                0x00000000080008c2       0x22 ./Core/Src/mainpp.o
                0x00000000080008c2                ros::Time::Time()
                0x00000000080008c2                ros::Time::Time()
 .text._ZN3ros3MsgC2Ev
                0x00000000080008e4       0x20 ./Core/Src/mainpp.o
                0x00000000080008e4                ros::Msg::Msg()
                0x00000000080008e4                ros::Msg::Msg()
 .text._ZN8std_msgs4TimeC2Ev
                0x0000000008000904       0x30 ./Core/Src/mainpp.o
                0x0000000008000904                std_msgs::Time::Time()
                0x0000000008000904                std_msgs::Time::Time()
 .text._ZNK8std_msgs4Time9serializeEPh
                0x0000000008000934       0xb0 ./Core/Src/mainpp.o
                0x0000000008000934                std_msgs::Time::serialize(unsigned char*) const
 .text._ZN8std_msgs4Time11deserializeEPh
                0x00000000080009e4       0xc8 ./Core/Src/mainpp.o
                0x00000000080009e4                std_msgs::Time::deserialize(unsigned char*)
 .text._ZN8std_msgs4Time7getTypeEv
                0x0000000008000aac       0x1c ./Core/Src/mainpp.o
                0x0000000008000aac                std_msgs::Time::getType()
 .text._ZN8std_msgs4Time6getMD5Ev
                0x0000000008000ac8       0x1c ./Core/Src/mainpp.o
                0x0000000008000ac8                std_msgs::Time::getMD5()
 .text._ZN14rosserial_msgs9TopicInfoC2Ev
                0x0000000008000ae4       0x48 ./Core/Src/mainpp.o
                0x0000000008000ae4                rosserial_msgs::TopicInfo::TopicInfo()
                0x0000000008000ae4                rosserial_msgs::TopicInfo::TopicInfo()
 .text._ZNK14rosserial_msgs9TopicInfo9serializeEPh
                0x0000000008000b2c      0x136 ./Core/Src/mainpp.o
                0x0000000008000b2c                rosserial_msgs::TopicInfo::serialize(unsigned char*) const
 .text._ZN14rosserial_msgs9TopicInfo11deserializeEPh
                0x0000000008000c62      0x1d0 ./Core/Src/mainpp.o
                0x0000000008000c62                rosserial_msgs::TopicInfo::deserialize(unsigned char*)
 *fill*         0x0000000008000e32        0x2 
 .text._ZN14rosserial_msgs9TopicInfo7getTypeEv
                0x0000000008000e34       0x1c ./Core/Src/mainpp.o
                0x0000000008000e34                rosserial_msgs::TopicInfo::getType()
 .text._ZN14rosserial_msgs9TopicInfo6getMD5Ev
                0x0000000008000e50       0x1c ./Core/Src/mainpp.o
                0x0000000008000e50                rosserial_msgs::TopicInfo::getMD5()
 .text._ZN14rosserial_msgs3LogC2Ev
                0x0000000008000e6c       0x34 ./Core/Src/mainpp.o
                0x0000000008000e6c                rosserial_msgs::Log::Log()
                0x0000000008000e6c                rosserial_msgs::Log::Log()
 .text._ZNK14rosserial_msgs3Log9serializeEPh
                0x0000000008000ea0       0x64 ./Core/Src/mainpp.o
                0x0000000008000ea0                rosserial_msgs::Log::serialize(unsigned char*) const
 .text._ZN14rosserial_msgs3Log11deserializeEPh
                0x0000000008000f04       0x90 ./Core/Src/mainpp.o
                0x0000000008000f04                rosserial_msgs::Log::deserialize(unsigned char*)
 .text._ZN14rosserial_msgs3Log7getTypeEv
                0x0000000008000f94       0x1c ./Core/Src/mainpp.o
                0x0000000008000f94                rosserial_msgs::Log::getType()
 .text._ZN14rosserial_msgs3Log6getMD5Ev
                0x0000000008000fb0       0x1c ./Core/Src/mainpp.o
                0x0000000008000fb0                rosserial_msgs::Log::getMD5()
 .text._ZN14rosserial_msgs20RequestParamResponseC2Ev
                0x0000000008000fcc       0x48 ./Core/Src/mainpp.o
                0x0000000008000fcc                rosserial_msgs::RequestParamResponse::RequestParamResponse()
                0x0000000008000fcc                rosserial_msgs::RequestParamResponse::RequestParamResponse()
 .text._ZNK14rosserial_msgs20RequestParamResponse9serializeEPh
                0x0000000008001014      0x222 ./Core/Src/mainpp.o
                0x0000000008001014                rosserial_msgs::RequestParamResponse::serialize(unsigned char*) const
 .text._ZN14rosserial_msgs20RequestParamResponse11deserializeEPh
                0x0000000008001236      0x2e2 ./Core/Src/mainpp.o
                0x0000000008001236                rosserial_msgs::RequestParamResponse::deserialize(unsigned char*)
 .text._ZN14rosserial_msgs20RequestParamResponse7getTypeEv
                0x0000000008001518       0x1c ./Core/Src/mainpp.o
                0x0000000008001518                rosserial_msgs::RequestParamResponse::getType()
 .text._ZN14rosserial_msgs20RequestParamResponse6getMD5Ev
                0x0000000008001534       0x1c ./Core/Src/mainpp.o
                0x0000000008001534                rosserial_msgs::RequestParamResponse::getMD5()
 .text._ZN3ros9PublisherC2EPKcPNS_3MsgEi
                0x0000000008001550       0x2e ./Core/Src/mainpp.o
                0x0000000008001550                ros::Publisher::Publisher(char const*, ros::Msg*, int)
                0x0000000008001550                ros::Publisher::Publisher(char const*, ros::Msg*, int)
 .text._ZN3ros9Publisher7publishEPKNS_3MsgE
                0x000000000800157e       0x28 ./Core/Src/mainpp.o
                0x000000000800157e                ros::Publisher::publish(ros::Msg const*)
 .text._ZN3ros9Publisher15getEndpointTypeEv
                0x00000000080015a6       0x18 ./Core/Src/mainpp.o
                0x00000000080015a6                ros::Publisher::getEndpointType()
 .text._ZN13STM32Hardware10getRdmaIndEv
                0x00000000080015be       0x26 ./Core/Src/mainpp.o
                0x00000000080015be                STM32Hardware::getRdmaInd()
 .text._ZN13STM32HardwareC2Ev
                0x00000000080015e4       0x40 ./Core/Src/mainpp.o
                0x00000000080015e4                STM32Hardware::STM32Hardware()
                0x00000000080015e4                STM32Hardware::STM32Hardware()
 .text._ZN13STM32Hardware4initEv
                0x0000000008001624       0x16 ./Core/Src/mainpp.o
                0x0000000008001624                STM32Hardware::init()
 .text._ZN13STM32Hardware10reset_rbufEv
                0x000000000800163a       0x22 ./Core/Src/mainpp.o
                0x000000000800163a                STM32Hardware::reset_rbuf()
 .text._ZN13STM32Hardware4readEv
                0x000000000800165c       0x5a ./Core/Src/mainpp.o
                0x000000000800165c                STM32Hardware::read()
 *fill*         0x00000000080016b6        0x2 
 .text._ZN13STM32Hardware5flushEv
                0x00000000080016b8       0xd0 ./Core/Src/mainpp.o
                0x00000000080016b8                STM32Hardware::flush()
 .text._ZN13STM32Hardware5writeEPhi
                0x0000000008001788       0x94 ./Core/Src/mainpp.o
                0x0000000008001788                STM32Hardware::write(unsigned char*, int)
 .text._ZN13STM32Hardware4timeEv
                0x000000000800181c       0x16 ./Core/Src/mainpp.o
                0x000000000800181c                STM32Hardware::time()
 *fill*         0x0000000008001832        0x2 
 .text._ZN8std_msgs5Int64C2Ev
                0x0000000008001834       0x34 ./Core/Src/mainpp.o
                0x0000000008001834                std_msgs::Int64::Int64()
                0x0000000008001834                std_msgs::Int64::Int64()
 .text._ZNK8std_msgs5Int649serializeEPh
                0x0000000008001868      0x10a ./Core/Src/mainpp.o
                0x0000000008001868                std_msgs::Int64::serialize(unsigned char*) const
 .text._ZN8std_msgs5Int6411deserializeEPh
                0x0000000008001972      0x206 ./Core/Src/mainpp.o
                0x0000000008001972                std_msgs::Int64::deserialize(unsigned char*)
 .text._ZN8std_msgs5Int647getTypeEv
                0x0000000008001b78       0x1c ./Core/Src/mainpp.o
                0x0000000008001b78                std_msgs::Int64::getType()
 .text._ZN8std_msgs5Int646getMD5Ev
                0x0000000008001b94       0x1c ./Core/Src/mainpp.o
                0x0000000008001b94                std_msgs::Int64::getMD5()
 .text._Z8callbackRKN8std_msgs5Int64E
                0x0000000008001bb0       0x24 ./Core/Src/mainpp.o
                0x0000000008001bb0                callback(std_msgs::Int64 const&)
 .text.publish  0x0000000008001bd4       0x28 ./Core/Src/mainpp.o
                0x0000000008001bd4                publish
 .text._Z13Error_Handlerv
                0x0000000008001bfc        0xa ./Core/Src/mainpp.o
                0x0000000008001bfc                Error_Handler()
 *fill*         0x0000000008001c06        0x2 
 .text._ZL19MX_USART2_UART_Initv
                0x0000000008001c08       0x5c ./Core/Src/mainpp.o
 .text.HAL_UART_ErrorCallback
                0x0000000008001c64       0x44 ./Core/Src/mainpp.o
                0x0000000008001c64                HAL_UART_ErrorCallback
 .text.HAL_UART_TxCpltCallback
                0x0000000008001ca8       0x24 ./Core/Src/mainpp.o
                0x0000000008001ca8                HAL_UART_TxCpltCallback
 .text.setup    0x0000000008001ccc       0x2c ./Core/Src/mainpp.o
                0x0000000008001ccc                setup
 .text.loop     0x0000000008001cf8       0x14 ./Core/Src/mainpp.o
                0x0000000008001cf8                loop
 .text._ZN3ros3Msg8varToArrIPhmEEvT_T0_
                0x0000000008001d0c       0x3e ./Core/Src/mainpp.o
                0x0000000008001d0c                void ros::Msg::varToArr<unsigned char*, unsigned long>(unsigned char*, unsigned long)
 .text._ZN3ros3Msg8arrToVarImPhEEvRT_T0_
                0x0000000008001d4a       0x4c ./Core/Src/mainpp.o
                0x0000000008001d4a                void ros::Msg::arrToVar<unsigned long, unsigned char*>(unsigned long&, unsigned char*)
 *fill*         0x0000000008001d96        0x2 
 .text._ZN3ros15NodeHandleBase_C2Ev
                0x0000000008001d98       0x20 ./Core/Src/mainpp.o
                0x0000000008001d98                ros::NodeHandleBase_::NodeHandleBase_()
                0x0000000008001d98                ros::NodeHandleBase_::NodeHandleBase_()
 .text._ZN3ros11NodeHandle_I13STM32HardwareLi25ELi25ELi512ELi512EEC2Ev
                0x0000000008001db8      0x134 ./Core/Src/mainpp.o
                0x0000000008001db8                ros::NodeHandle_<STM32Hardware, 25, 25, 512, 512>::NodeHandle_()
                0x0000000008001db8                ros::NodeHandle_<STM32Hardware, 25, 25, 512, 512>::NodeHandle_()
 .text._ZN3ros11Subscriber_C2Ev
                0x0000000008001eec       0x20 ./Core/Src/mainpp.o
                0x0000000008001eec                ros::Subscriber_::Subscriber_()
                0x0000000008001eec                ros::Subscriber_::Subscriber_()
 .text._ZN3ros10SubscriberIN8std_msgs5Int64EvEC2EPKcPFvRKS2_Ei
                0x0000000008001f0c       0x48 ./Core/Src/mainpp.o
                0x0000000008001f0c                ros::Subscriber<std_msgs::Int64, void>::Subscriber(char const*, void (*)(std_msgs::Int64 const&), int)
                0x0000000008001f0c                ros::Subscriber<std_msgs::Int64, void>::Subscriber(char const*, void (*)(std_msgs::Int64 const&), int)
 .text._ZN3ros11NodeHandle_I13STM32HardwareLi25ELi25ELi512ELi512EE11getHardwareEv
                0x0000000008001f54       0x18 ./Core/Src/mainpp.o
                0x0000000008001f54                ros::NodeHandle_<STM32Hardware, 25, 25, 512, 512>::getHardware()
 .text._ZN3ros11NodeHandle_I13STM32HardwareLi25ELi25ELi512ELi512EE8initNodeEv
                0x0000000008001f6c       0x52 ./Core/Src/mainpp.o
                0x0000000008001f6c                ros::NodeHandle_<STM32Hardware, 25, 25, 512, 512>::initNode()
 .text._ZN3ros11NodeHandle_I13STM32HardwareLi25ELi25ELi512ELi512EE9subscribeINS_10SubscriberIN8std_msgs5Int64EvEEEEbRT_
                0x0000000008001fbe       0x56 ./Core/Src/mainpp.o
                0x0000000008001fbe                bool ros::NodeHandle_<STM32Hardware, 25, 25, 512, 512>::subscribe<ros::Subscriber<std_msgs::Int64, void> >(ros::Subscriber<std_msgs::Int64, void>&)
 .text._ZN3ros11NodeHandle_I13STM32HardwareLi25ELi25ELi512ELi512EE9advertiseERNS_9PublisherE
                0x0000000008002014       0x60 ./Core/Src/mainpp.o
                0x0000000008002014                ros::NodeHandle_<STM32Hardware, 25, 25, 512, 512>::advertise(ros::Publisher&)
 .text._ZN3ros11NodeHandle_I13STM32HardwareLi25ELi25ELi512ELi512EE8spinOnceEv
                0x0000000008002074      0x4f0 ./Core/Src/mainpp.o
                0x0000000008002074                ros::NodeHandle_<STM32Hardware, 25, 25, 512, 512>::spinOnce()
 .text._ZN3ros11NodeHandle_I13STM32HardwareLi25ELi25ELi512ELi512EE15requestSyncTimeEv
                0x0000000008002564       0x3e ./Core/Src/mainpp.o
                0x0000000008002564                ros::NodeHandle_<STM32Hardware, 25, 25, 512, 512>::requestSyncTime()
 .text._ZN3ros11NodeHandle_I13STM32HardwareLi25ELi25ELi512ELi512EE15negotiateTopicsEv
                0x00000000080025a2      0x1c2 ./Core/Src/mainpp.o
                0x00000000080025a2                ros::NodeHandle_<STM32Hardware, 25, 25, 512, 512>::negotiateTopics()
 .text._ZN3ros11NodeHandle_I13STM32HardwareLi25ELi25ELi512ELi512EE8syncTimeEPh
                0x0000000008002764       0x9c ./Core/Src/mainpp.o
                0x0000000008002764                ros::NodeHandle_<STM32Hardware, 25, 25, 512, 512>::syncTime(unsigned char*)
 .text._ZN3ros11NodeHandle_I13STM32HardwareLi25ELi25ELi512ELi512EE7publishEiPKNS_3MsgE
                0x0000000008002800      0x158 ./Core/Src/mainpp.o
                0x0000000008002800                ros::NodeHandle_<STM32Hardware, 25, 25, 512, 512>::publish(int, ros::Msg const*)
 .text._ZN3ros11NodeHandle_I13STM32HardwareLi25ELi25ELi512ELi512EE6setNowERNS_4TimeE
                0x0000000008002958       0x88 ./Core/Src/mainpp.o
                0x0000000008002958                ros::NodeHandle_<STM32Hardware, 25, 25, 512, 512>::setNow(ros::Time&)
 .text._ZN3ros11NodeHandle_I13STM32HardwareLi25ELi25ELi512ELi512EE8logerrorEPKc
                0x00000000080029e0       0x1c ./Core/Src/mainpp.o
                0x00000000080029e0                ros::NodeHandle_<STM32Hardware, 25, 25, 512, 512>::logerror(char const*)
 .text._ZN3ros11NodeHandle_I13STM32HardwareLi25ELi25ELi512ELi512EE3logEcPKc
                0x00000000080029fc       0x38 ./Core/Src/mainpp.o
                0x00000000080029fc                ros::NodeHandle_<STM32Hardware, 25, 25, 512, 512>::log(char, char const*)
 .text._Z41__static_initialization_and_destruction_0ii
                0x0000000008002a34       0x64 ./Core/Src/mainpp.o
 .text._ZN3ros10SubscriberIN8std_msgs5Int64EvE8callbackEPh
                0x0000000008002a98       0x2a ./Core/Src/mainpp.o
                0x0000000008002a98                ros::Subscriber<std_msgs::Int64, void>::callback(unsigned char*)
 .text._ZN3ros10SubscriberIN8std_msgs5Int64EvE15getEndpointTypeEv
                0x0000000008002ac2       0x18 ./Core/Src/mainpp.o
                0x0000000008002ac2                ros::Subscriber<std_msgs::Int64, void>::getEndpointType()
 .text._ZN3ros10SubscriberIN8std_msgs5Int64EvE10getMsgTypeEv
                0x0000000008002ada       0x1c ./Core/Src/mainpp.o
                0x0000000008002ada                ros::Subscriber<std_msgs::Int64, void>::getMsgType()
 .text._ZN3ros10SubscriberIN8std_msgs5Int64EvE9getMsgMD5Ev
                0x0000000008002af6       0x1c ./Core/Src/mainpp.o
                0x0000000008002af6                ros::Subscriber<std_msgs::Int64, void>::getMsgMD5()
 .text._ZN3ros11NodeHandle_I13STM32HardwareLi25ELi25ELi512ELi512EE9connectedEv
                0x0000000008002b12       0x1e ./Core/Src/mainpp.o
                0x0000000008002b12                ros::NodeHandle_<STM32Hardware, 25, 25, 512, 512>::connected()
 .text._GLOBAL__sub_I_count
                0x0000000008002b30       0x10 ./Core/Src/mainpp.o
 .text.HAL_MspInit
                0x0000000008002b40       0x50 ./Core/Src/stm32f4xx_hal_msp.o
                0x0000000008002b40                HAL_MspInit
 .text.HAL_TIM_Base_MspInit
                0x0000000008002b90       0x80 ./Core/Src/stm32f4xx_hal_msp.o
                0x0000000008002b90                HAL_TIM_Base_MspInit
 .text.HAL_UART_MspInit
                0x0000000008002c10      0x170 ./Core/Src/stm32f4xx_hal_msp.o
                0x0000000008002c10                HAL_UART_MspInit
 .text.HAL_UART_MspDeInit
                0x0000000008002d80       0x54 ./Core/Src/stm32f4xx_hal_msp.o
                0x0000000008002d80                HAL_UART_MspDeInit
 .text.NMI_Handler
                0x0000000008002dd4        0x6 ./Core/Src/stm32f4xx_it.o
                0x0000000008002dd4                NMI_Handler
 .text.HardFault_Handler
                0x0000000008002dda        0x6 ./Core/Src/stm32f4xx_it.o
                0x0000000008002dda                HardFault_Handler
 .text.MemManage_Handler
                0x0000000008002de0        0x6 ./Core/Src/stm32f4xx_it.o
                0x0000000008002de0                MemManage_Handler
 .text.BusFault_Handler
                0x0000000008002de6        0x6 ./Core/Src/stm32f4xx_it.o
                0x0000000008002de6                BusFault_Handler
 .text.UsageFault_Handler
                0x0000000008002dec        0x6 ./Core/Src/stm32f4xx_it.o
                0x0000000008002dec                UsageFault_Handler
 .text.SVC_Handler
                0x0000000008002df2        0xe ./Core/Src/stm32f4xx_it.o
                0x0000000008002df2                SVC_Handler
 .text.DebugMon_Handler
                0x0000000008002e00        0xe ./Core/Src/stm32f4xx_it.o
                0x0000000008002e00                DebugMon_Handler
 .text.PendSV_Handler
                0x0000000008002e0e        0xe ./Core/Src/stm32f4xx_it.o
                0x0000000008002e0e                PendSV_Handler
 .text.SysTick_Handler
                0x0000000008002e1c        0xc ./Core/Src/stm32f4xx_it.o
                0x0000000008002e1c                SysTick_Handler
 .text.DMA1_Stream5_IRQHandler
                0x0000000008002e28       0x14 ./Core/Src/stm32f4xx_it.o
                0x0000000008002e28                DMA1_Stream5_IRQHandler
 .text.DMA1_Stream6_IRQHandler
                0x0000000008002e3c       0x14 ./Core/Src/stm32f4xx_it.o
                0x0000000008002e3c                DMA1_Stream6_IRQHandler
 .text.TIM1_BRK_TIM9_IRQHandler
                0x0000000008002e50       0x14 ./Core/Src/stm32f4xx_it.o
                0x0000000008002e50                TIM1_BRK_TIM9_IRQHandler
 .text.TIM1_UP_TIM10_IRQHandler
                0x0000000008002e64       0x14 ./Core/Src/stm32f4xx_it.o
                0x0000000008002e64                TIM1_UP_TIM10_IRQHandler
 .text.TIM1_TRG_COM_TIM11_IRQHandler
                0x0000000008002e78       0x14 ./Core/Src/stm32f4xx_it.o
                0x0000000008002e78                TIM1_TRG_COM_TIM11_IRQHandler
 .text.TIM1_CC_IRQHandler
                0x0000000008002e8c       0x14 ./Core/Src/stm32f4xx_it.o
                0x0000000008002e8c                TIM1_CC_IRQHandler
 .text.USART2_IRQHandler
                0x0000000008002ea0       0x14 ./Core/Src/stm32f4xx_it.o
                0x0000000008002ea0                USART2_IRQHandler
 .text._sbrk    0x0000000008002eb4       0x6c ./Core/Src/sysmem.o
                0x0000000008002eb4                _sbrk
 .text.SystemInit
                0x0000000008002f20       0x24 ./Core/Src/system_stm32f4xx.o
                0x0000000008002f20                SystemInit
 .text.Reset_Handler
                0x0000000008002f44       0x50 ./Core/Startup/startup_stm32f446retx.o
                0x0000000008002f44                Reset_Handler
 .text.Default_Handler
                0x0000000008002f94        0x2 ./Core/Startup/startup_stm32f446retx.o
                0x0000000008002f94                RTC_Alarm_IRQHandler
                0x0000000008002f94                EXTI2_IRQHandler
                0x0000000008002f94                TIM8_CC_IRQHandler
                0x0000000008002f94                FMPI2C1_EV_IRQHandler
                0x0000000008002f94                SPI4_IRQHandler
                0x0000000008002f94                DMA2_Stream5_IRQHandler
                0x0000000008002f94                PVD_IRQHandler
                0x0000000008002f94                SDIO_IRQHandler
                0x0000000008002f94                TAMP_STAMP_IRQHandler
                0x0000000008002f94                CAN2_RX1_IRQHandler
                0x0000000008002f94                EXTI3_IRQHandler
                0x0000000008002f94                TIM8_TRG_COM_TIM14_IRQHandler
                0x0000000008002f94                TIM8_UP_TIM13_IRQHandler
                0x0000000008002f94                I2C3_ER_IRQHandler
                0x0000000008002f94                EXTI0_IRQHandler
                0x0000000008002f94                I2C2_EV_IRQHandler
                0x0000000008002f94                DMA1_Stream2_IRQHandler
                0x0000000008002f94                CAN1_RX0_IRQHandler
                0x0000000008002f94                FPU_IRQHandler
                0x0000000008002f94                OTG_HS_WKUP_IRQHandler
                0x0000000008002f94                CAN2_SCE_IRQHandler
                0x0000000008002f94                DMA2_Stream2_IRQHandler
                0x0000000008002f94                SPI1_IRQHandler
                0x0000000008002f94                TIM6_DAC_IRQHandler
                0x0000000008002f94                DCMI_IRQHandler
                0x0000000008002f94                CAN2_RX0_IRQHandler
                0x0000000008002f94                DMA2_Stream3_IRQHandler
                0x0000000008002f94                SAI2_IRQHandler
                0x0000000008002f94                USART6_IRQHandler
                0x0000000008002f94                USART3_IRQHandler
                0x0000000008002f94                CAN1_RX1_IRQHandler
                0x0000000008002f94                UART5_IRQHandler
                0x0000000008002f94                DMA2_Stream0_IRQHandler
                0x0000000008002f94                TIM4_IRQHandler
                0x0000000008002f94                QUADSPI_IRQHandler
                0x0000000008002f94                I2C1_EV_IRQHandler
                0x0000000008002f94                DMA1_Stream1_IRQHandler
                0x0000000008002f94                UART4_IRQHandler
                0x0000000008002f94                TIM3_IRQHandler
                0x0000000008002f94                RCC_IRQHandler
                0x0000000008002f94                TIM8_BRK_TIM12_IRQHandler
                0x0000000008002f94                Default_Handler
                0x0000000008002f94                CEC_IRQHandler
                0x0000000008002f94                EXTI15_10_IRQHandler
                0x0000000008002f94                ADC_IRQHandler
                0x0000000008002f94                DMA1_Stream7_IRQHandler
                0x0000000008002f94                TIM7_IRQHandler
                0x0000000008002f94                CAN2_TX_IRQHandler
                0x0000000008002f94                TIM5_IRQHandler
                0x0000000008002f94                DMA2_Stream7_IRQHandler
                0x0000000008002f94                I2C3_EV_IRQHandler
                0x0000000008002f94                EXTI9_5_IRQHandler
                0x0000000008002f94                RTC_WKUP_IRQHandler
                0x0000000008002f94                SPDIF_RX_IRQHandler
                0x0000000008002f94                SPI2_IRQHandler
                0x0000000008002f94                OTG_HS_EP1_IN_IRQHandler
                0x0000000008002f94                DMA1_Stream0_IRQHandler
                0x0000000008002f94                CAN1_TX_IRQHandler
                0x0000000008002f94                FMPI2C1_ER_IRQHandler
                0x0000000008002f94                EXTI4_IRQHandler
                0x0000000008002f94                OTG_HS_EP1_OUT_IRQHandler
                0x0000000008002f94                WWDG_IRQHandler
                0x0000000008002f94                TIM2_IRQHandler
                0x0000000008002f94                OTG_FS_WKUP_IRQHandler
                0x0000000008002f94                OTG_HS_IRQHandler
                0x0000000008002f94                EXTI1_IRQHandler
                0x0000000008002f94                I2C2_ER_IRQHandler
                0x0000000008002f94                DMA2_Stream1_IRQHandler
                0x0000000008002f94                CAN1_SCE_IRQHandler
                0x0000000008002f94                FLASH_IRQHandler
                0x0000000008002f94                DMA2_Stream4_IRQHandler
                0x0000000008002f94                USART1_IRQHandler
                0x0000000008002f94                OTG_FS_IRQHandler
                0x0000000008002f94                SPI3_IRQHandler
                0x0000000008002f94                DMA1_Stream4_IRQHandler
                0x0000000008002f94                I2C1_ER_IRQHandler
                0x0000000008002f94                FMC_IRQHandler
                0x0000000008002f94                DMA2_Stream6_IRQHandler
                0x0000000008002f94                SAI1_IRQHandler
                0x0000000008002f94                DMA1_Stream3_IRQHandler
 *fill*         0x0000000008002f96        0x2 
 .text.HAL_Init
                0x0000000008002f98       0x44 ./Drivers/STM32F4xx_HAL_Driver/Src/stm32f4xx_hal.o
                0x0000000008002f98                HAL_Init
 .text.HAL_InitTick
                0x0000000008002fdc       0x60 ./Drivers/STM32F4xx_HAL_Driver/Src/stm32f4xx_hal.o
                0x0000000008002fdc                HAL_InitTick
 .text.HAL_IncTick
                0x000000000800303c       0x28 ./Drivers/STM32F4xx_HAL_Driver/Src/stm32f4xx_hal.o
                0x000000000800303c                HAL_IncTick
 .text.HAL_GetTick
                0x0000000008003064       0x18 ./Drivers/STM32F4xx_HAL_Driver/Src/stm32f4xx_hal.o
                0x0000000008003064                HAL_GetTick
 .text.__NVIC_SetPriorityGrouping
                0x000000000800307c       0x48 ./Drivers/STM32F4xx_HAL_Driver/Src/stm32f4xx_hal_cortex.o
 .text.__NVIC_GetPriorityGrouping
                0x00000000080030c4       0x1c ./Drivers/STM32F4xx_HAL_Driver/Src/stm32f4xx_hal_cortex.o
 .text.__NVIC_EnableIRQ
                0x00000000080030e0       0x3c ./Drivers/STM32F4xx_HAL_Driver/Src/stm32f4xx_hal_cortex.o
 .text.__NVIC_DisableIRQ
                0x000000000800311c       0x48 ./Drivers/STM32F4xx_HAL_Driver/Src/stm32f4xx_hal_cortex.o
 .text.__NVIC_SetPriority
                0x0000000008003164       0x54 ./Drivers/STM32F4xx_HAL_Driver/Src/stm32f4xx_hal_cortex.o
 .text.NVIC_EncodePriority
                0x00000000080031b8       0x66 ./Drivers/STM32F4xx_HAL_Driver/Src/stm32f4xx_hal_cortex.o
 *fill*         0x000000000800321e        0x2 
 .text.SysTick_Config
                0x0000000008003220       0x44 ./Drivers/STM32F4xx_HAL_Driver/Src/stm32f4xx_hal_cortex.o
 .text.HAL_NVIC_SetPriorityGrouping
                0x0000000008003264       0x16 ./Drivers/STM32F4xx_HAL_Driver/Src/stm32f4xx_hal_cortex.o
                0x0000000008003264                HAL_NVIC_SetPriorityGrouping
 .text.HAL_NVIC_SetPriority
                0x000000000800327a       0x38 ./Drivers/STM32F4xx_HAL_Driver/Src/stm32f4xx_hal_cortex.o
                0x000000000800327a                HAL_NVIC_SetPriority
 .text.HAL_NVIC_EnableIRQ
                0x00000000080032b2       0x1c ./Drivers/STM32F4xx_HAL_Driver/Src/stm32f4xx_hal_cortex.o
                0x00000000080032b2                HAL_NVIC_EnableIRQ
 .text.HAL_NVIC_DisableIRQ
                0x00000000080032ce       0x1c ./Drivers/STM32F4xx_HAL_Driver/Src/stm32f4xx_hal_cortex.o
                0x00000000080032ce                HAL_NVIC_DisableIRQ
 .text.HAL_SYSTICK_Config
                0x00000000080032ea       0x18 ./Drivers/STM32F4xx_HAL_Driver/Src/stm32f4xx_hal_cortex.o
                0x00000000080032ea                HAL_SYSTICK_Config
 *fill*         0x0000000008003302        0x2 
 .text.HAL_DMA_Init
                0x0000000008003304      0x15c ./Drivers/STM32F4xx_HAL_Driver/Src/stm32f4xx_hal_dma.o
                0x0000000008003304                HAL_DMA_Init
 .text.HAL_DMA_DeInit
                0x0000000008003460       0xbc ./Drivers/STM32F4xx_HAL_Driver/Src/stm32f4xx_hal_dma.o
                0x0000000008003460                HAL_DMA_DeInit
 .text.HAL_DMA_Start_IT
                0x000000000800351c       0xb0 ./Drivers/STM32F4xx_HAL_Driver/Src/stm32f4xx_hal_dma.o
                0x000000000800351c                HAL_DMA_Start_IT
 .text.HAL_DMA_Abort
                0x00000000080035cc       0xe0 ./Drivers/STM32F4xx_HAL_Driver/Src/stm32f4xx_hal_dma.o
                0x00000000080035cc                HAL_DMA_Abort
 .text.HAL_DMA_Abort_IT
                0x00000000080036ac       0x44 ./Drivers/STM32F4xx_HAL_Driver/Src/stm32f4xx_hal_dma.o
                0x00000000080036ac                HAL_DMA_Abort_IT
 .text.HAL_DMA_IRQHandler
                0x00000000080036f0      0x314 ./Drivers/STM32F4xx_HAL_Driver/Src/stm32f4xx_hal_dma.o
                0x00000000080036f0                HAL_DMA_IRQHandler
 .text.DMA_SetConfig
                0x0000000008003a04       0x5c ./Drivers/STM32F4xx_HAL_Driver/Src/stm32f4xx_hal_dma.o
 .text.DMA_CalcBaseAndBitshift
                0x0000000008003a60       0x6c ./Drivers/STM32F4xx_HAL_Driver/Src/stm32f4xx_hal_dma.o
 .text.DMA_CheckFifoParam
                0x0000000008003acc       0xf8 ./Drivers/STM32F4xx_HAL_Driver/Src/stm32f4xx_hal_dma.o
 .text.HAL_GPIO_Init
                0x0000000008003bc4      0x328 ./Drivers/STM32F4xx_HAL_Driver/Src/stm32f4xx_hal_gpio.o
                0x0000000008003bc4                HAL_GPIO_Init
 .text.HAL_GPIO_DeInit
                0x0000000008003eec      0x1e8 ./Drivers/STM32F4xx_HAL_Driver/Src/stm32f4xx_hal_gpio.o
                0x0000000008003eec                HAL_GPIO_DeInit
 .text.HAL_GPIO_WritePin
                0x00000000080040d4       0x32 ./Drivers/STM32F4xx_HAL_Driver/Src/stm32f4xx_hal_gpio.o
                0x00000000080040d4                HAL_GPIO_WritePin
 *fill*         0x0000000008004106        0x2 
 .text.HAL_RCC_ClockConfig
                0x0000000008004108      0x1cc ./Drivers/STM32F4xx_HAL_Driver/Src/stm32f4xx_hal_rcc.o
                0x0000000008004108                HAL_RCC_ClockConfig
 .text.HAL_RCC_GetHCLKFreq
                0x00000000080042d4       0x18 ./Drivers/STM32F4xx_HAL_Driver/Src/stm32f4xx_hal_rcc.o
                0x00000000080042d4                HAL_RCC_GetHCLKFreq
 .text.HAL_RCC_GetPCLK1Freq
                0x00000000080042ec       0x28 ./Drivers/STM32F4xx_HAL_Driver/Src/stm32f4xx_hal_rcc.o
                0x00000000080042ec                HAL_RCC_GetPCLK1Freq
 .text.HAL_RCC_GetPCLK2Freq
                0x0000000008004314       0x28 ./Drivers/STM32F4xx_HAL_Driver/Src/stm32f4xx_hal_rcc.o
                0x0000000008004314                HAL_RCC_GetPCLK2Freq
 .text.HAL_RCC_GetSysClockFreq
                0x000000000800433c      0x460 ./Drivers/STM32F4xx_HAL_Driver/Src/stm32f4xx_hal_rcc_ex.o
                0x000000000800433c                HAL_RCC_GetSysClockFreq
 .text.HAL_RCC_OscConfig
                0x000000000800479c      0x53c ./Drivers/STM32F4xx_HAL_Driver/Src/stm32f4xx_hal_rcc_ex.o
                0x000000000800479c                HAL_RCC_OscConfig
 .text.HAL_TIM_Base_Init
                0x0000000008004cd8       0x9e ./Drivers/STM32F4xx_HAL_Driver/Src/stm32f4xx_hal_tim.o
                0x0000000008004cd8                HAL_TIM_Base_Init
 *fill*         0x0000000008004d76        0x2 
 .text.HAL_TIM_Base_Start_IT
                0x0000000008004d78       0xe0 ./Drivers/STM32F4xx_HAL_Driver/Src/stm32f4xx_hal_tim.o
                0x0000000008004d78                HAL_TIM_Base_Start_IT
 .text.HAL_TIM_IRQHandler
                0x0000000008004e58      0x210 ./Drivers/STM32F4xx_HAL_Driver/Src/stm32f4xx_hal_tim.o
                0x0000000008004e58                HAL_TIM_IRQHandler
 .text.HAL_TIM_ConfigClockSource
                0x0000000008005068      0x18e ./Drivers/STM32F4xx_HAL_Driver/Src/stm32f4xx_hal_tim.o
                0x0000000008005068                HAL_TIM_ConfigClockSource
 .text.HAL_TIM_OC_DelayElapsedCallback
                0x00000000080051f6       0x14 ./Drivers/STM32F4xx_HAL_Driver/Src/stm32f4xx_hal_tim.o
                0x00000000080051f6                HAL_TIM_OC_DelayElapsedCallback
 .text.HAL_TIM_IC_CaptureCallback
                0x000000000800520a       0x14 ./Drivers/STM32F4xx_HAL_Driver/Src/stm32f4xx_hal_tim.o
                0x000000000800520a                HAL_TIM_IC_CaptureCallback
 .text.HAL_TIM_PWM_PulseFinishedCallback
                0x000000000800521e       0x14 ./Drivers/STM32F4xx_HAL_Driver/Src/stm32f4xx_hal_tim.o
                0x000000000800521e                HAL_TIM_PWM_PulseFinishedCallback
 .text.HAL_TIM_TriggerCallback
                0x0000000008005232       0x14 ./Drivers/STM32F4xx_HAL_Driver/Src/stm32f4xx_hal_tim.o
                0x0000000008005232                HAL_TIM_TriggerCallback
 *fill*         0x0000000008005246        0x2 
 .text.TIM_Base_SetConfig
                0x0000000008005248      0x140 ./Drivers/STM32F4xx_HAL_Driver/Src/stm32f4xx_hal_tim.o
                0x0000000008005248                TIM_Base_SetConfig
 .text.TIM_TI1_ConfigInputStage
                0x0000000008005388       0x5e ./Drivers/STM32F4xx_HAL_Driver/Src/stm32f4xx_hal_tim.o
 .text.TIM_TI2_ConfigInputStage
                0x00000000080053e6       0x60 ./Drivers/STM32F4xx_HAL_Driver/Src/stm32f4xx_hal_tim.o
 .text.TIM_ITRx_SetConfig
                0x0000000008005446       0x36 ./Drivers/STM32F4xx_HAL_Driver/Src/stm32f4xx_hal_tim.o
 .text.TIM_ETR_SetConfig
                0x000000000800547c       0x40 ./Drivers/STM32F4xx_HAL_Driver/Src/stm32f4xx_hal_tim.o
                0x000000000800547c                TIM_ETR_SetConfig
 .text.HAL_TIMEx_MasterConfigSynchronization
                0x00000000080054bc       0xf8 ./Drivers/STM32F4xx_HAL_Driver/Src/stm32f4xx_hal_tim_ex.o
                0x00000000080054bc                HAL_TIMEx_MasterConfigSynchronization
 .text.HAL_TIMEx_CommutCallback
                0x00000000080055b4       0x14 ./Drivers/STM32F4xx_HAL_Driver/Src/stm32f4xx_hal_tim_ex.o
                0x00000000080055b4                HAL_TIMEx_CommutCallback
 .text.HAL_TIMEx_BreakCallback
                0x00000000080055c8       0x14 ./Drivers/STM32F4xx_HAL_Driver/Src/stm32f4xx_hal_tim_ex.o
                0x00000000080055c8                HAL_TIMEx_BreakCallback
 .text.HAL_UART_Init
                0x00000000080055dc       0x9a ./Drivers/STM32F4xx_HAL_Driver/Src/stm32f4xx_hal_uart.o
                0x00000000080055dc                HAL_UART_Init
 .text.HAL_UART_DeInit
                0x0000000008005676       0x5e ./Drivers/STM32F4xx_HAL_Driver/Src/stm32f4xx_hal_uart.o
                0x0000000008005676                HAL_UART_DeInit
 .text.HAL_UART_Transmit_DMA
                0x00000000080056d4       0xfc ./Drivers/STM32F4xx_HAL_Driver/Src/stm32f4xx_hal_uart.o
                0x00000000080056d4                HAL_UART_Transmit_DMA
 .text.HAL_UART_Receive_DMA
                0x00000000080057d0       0x60 ./Drivers/STM32F4xx_HAL_Driver/Src/stm32f4xx_hal_uart.o
                0x00000000080057d0                HAL_UART_Receive_DMA
 .text.HAL_UART_IRQHandler
                0x0000000008005830      0x51c ./Drivers/STM32F4xx_HAL_Driver/Src/stm32f4xx_hal_uart.o
                0x0000000008005830                HAL_UART_IRQHandler
 .text.HAL_UART_TxHalfCpltCallback
                0x0000000008005d4c       0x14 ./Drivers/STM32F4xx_HAL_Driver/Src/stm32f4xx_hal_uart.o
                0x0000000008005d4c                HAL_UART_TxHalfCpltCallback
 .text.HAL_UART_RxCpltCallback
                0x0000000008005d60       0x14 ./Drivers/STM32F4xx_HAL_Driver/Src/stm32f4xx_hal_uart.o
                0x0000000008005d60                HAL_UART_RxCpltCallback
 .text.HAL_UART_RxHalfCpltCallback
                0x0000000008005d74       0x14 ./Drivers/STM32F4xx_HAL_Driver/Src/stm32f4xx_hal_uart.o
                0x0000000008005d74                HAL_UART_RxHalfCpltCallback
 .text.HAL_UARTEx_RxEventCallback
                0x0000000008005d88       0x18 ./Drivers/STM32F4xx_HAL_Driver/Src/stm32f4xx_hal_uart.o
                0x0000000008005d88                HAL_UARTEx_RxEventCallback
 .text.UART_DMATransmitCplt
                0x0000000008005da0       0x9a ./Drivers/STM32F4xx_HAL_Driver/Src/stm32f4xx_hal_uart.o
 .text.UART_DMATxHalfCplt
                0x0000000008005e3a       0x1c ./Drivers/STM32F4xx_HAL_Driver/Src/stm32f4xx_hal_uart.o
 .text.UART_DMAReceiveCplt
                0x0000000008005e56      0x126 ./Drivers/STM32F4xx_HAL_Driver/Src/stm32f4xx_hal_uart.o
 .text.UART_DMARxHalfCplt
                0x0000000008005f7c       0x36 ./Drivers/STM32F4xx_HAL_Driver/Src/stm32f4xx_hal_uart.o
 .text.UART_DMAError
                0x0000000008005fb2       0x94 ./Drivers/STM32F4xx_HAL_Driver/Src/stm32f4xx_hal_uart.o
 *fill*         0x0000000008006046        0x2 
 .text.UART_Start_Receive_DMA
                0x0000000008006048      0x13c ./Drivers/STM32F4xx_HAL_Driver/Src/stm32f4xx_hal_uart.o
                0x0000000008006048                UART_Start_Receive_DMA
 .text.UART_EndTxTransfer
                0x0000000008006184       0x50 ./Drivers/STM32F4xx_HAL_Driver/Src/stm32f4xx_hal_uart.o
 .text.UART_EndRxTransfer
                0x00000000080061d4       0xc6 ./Drivers/STM32F4xx_HAL_Driver/Src/stm32f4xx_hal_uart.o
 .text.UART_DMAAbortOnError
                0x000000000800629a       0x28 ./Drivers/STM32F4xx_HAL_Driver/Src/stm32f4xx_hal_uart.o
 .text.UART_Transmit_IT
                0x00000000080062c2       0xa0 ./Drivers/STM32F4xx_HAL_Driver/Src/stm32f4xx_hal_uart.o
 .text.UART_EndTransmit_IT
                0x0000000008006362       0x30 ./Drivers/STM32F4xx_HAL_Driver/Src/stm32f4xx_hal_uart.o
 .text.UART_Receive_IT
                0x0000000008006392      0x176 ./Drivers/STM32F4xx_HAL_Driver/Src/stm32f4xx_hal_uart.o
 .text.UART_SetConfig
                0x0000000008006508      0x4e8 ./Drivers/STM32F4xx_HAL_Driver/Src/stm32f4xx_hal_uart.o
 .text.realloc  0x00000000080069f0       0x10 C:/ST/STM32CubeIDE_1.10.1/STM32CubeIDE/plugins/com.st.stm32cube.ide.mcu.externaltools.gnu-tools-for-stm32.11.3.rel1.win32_1.1.0.202305231506/tools/bin/../lib/gcc/arm-none-eabi/11.3.1/../../../../arm-none-eabi/lib/thumb/v7e-m+fp/hard\libc_nano.a(libc_a-realloc.o)
                0x00000000080069f0                realloc
 .text._realloc_r
                0x0000000008006a00       0x5e C:/ST/STM32CubeIDE_1.10.1/STM32CubeIDE/plugins/com.st.stm32cube.ide.mcu.externaltools.gnu-tools-for-stm32.11.3.rel1.win32_1.1.0.202305231506/tools/bin/../lib/gcc/arm-none-eabi/11.3.1/../../../../arm-none-eabi/lib/thumb/v7e-m+fp/hard\libc_nano.a(libc_a-reallocr.o)
                0x0000000008006a00                _realloc_r
 .text.memset   0x0000000008006a5e       0x10 C:/ST/STM32CubeIDE_1.10.1/STM32CubeIDE/plugins/com.st.stm32cube.ide.mcu.externaltools.gnu-tools-for-stm32.11.3.rel1.win32_1.1.0.202305231506/tools/bin/../lib/gcc/arm-none-eabi/11.3.1/../../../../arm-none-eabi/lib/thumb/v7e-m+fp/hard\libc_nano.a(libc_a-memset.o)
                0x0000000008006a5e                memset
 *fill*         0x0000000008006a6e        0x2 
 .text.__errno  0x0000000008006a70        0xc C:/ST/STM32CubeIDE_1.10.1/STM32CubeIDE/plugins/com.st.stm32cube.ide.mcu.externaltools.gnu-tools-for-stm32.11.3.rel1.win32_1.1.0.202305231506/tools/bin/../lib/gcc/arm-none-eabi/11.3.1/../../../../arm-none-eabi/lib/thumb/v7e-m+fp/hard\libc_nano.a(libc_a-errno.o)
                0x0000000008006a70                __errno
 .text.__libc_init_array
                0x0000000008006a7c       0x48 C:/ST/STM32CubeIDE_1.10.1/STM32CubeIDE/plugins/com.st.stm32cube.ide.mcu.externaltools.gnu-tools-for-stm32.11.3.rel1.win32_1.1.0.202305231506/tools/bin/../lib/gcc/arm-none-eabi/11.3.1/../../../../arm-none-eabi/lib/thumb/v7e-m+fp/hard\libc_nano.a(libc_a-init.o)
                0x0000000008006a7c                __libc_init_array
 .text.__retarget_lock_acquire_recursive
                0x0000000008006ac4        0x2 C:/ST/STM32CubeIDE_1.10.1/STM32CubeIDE/plugins/com.st.stm32cube.ide.mcu.externaltools.gnu-tools-for-stm32.11.3.rel1.win32_1.1.0.202305231506/tools/bin/../lib/gcc/arm-none-eabi/11.3.1/../../../../arm-none-eabi/lib/thumb/v7e-m+fp/hard\libc_nano.a(libc_a-lock.o)
                0x0000000008006ac4                __retarget_lock_acquire_recursive
 .text.__retarget_lock_release_recursive
                0x0000000008006ac6        0x2 C:/ST/STM32CubeIDE_1.10.1/STM32CubeIDE/plugins/com.st.stm32cube.ide.mcu.externaltools.gnu-tools-for-stm32.11.3.rel1.win32_1.1.0.202305231506/tools/bin/../lib/gcc/arm-none-eabi/11.3.1/../../../../arm-none-eabi/lib/thumb/v7e-m+fp/hard\libc_nano.a(libc_a-lock.o)
                0x0000000008006ac6                __retarget_lock_release_recursive
 .text.memcpy   0x0000000008006ac8       0x1c C:/ST/STM32CubeIDE_1.10.1/STM32CubeIDE/plugins/com.st.stm32cube.ide.mcu.externaltools.gnu-tools-for-stm32.11.3.rel1.win32_1.1.0.202305231506/tools/bin/../lib/gcc/arm-none-eabi/11.3.1/../../../../arm-none-eabi/lib/thumb/v7e-m+fp/hard\libc_nano.a(libc_a-memcpy-stub.o)
                0x0000000008006ac8                memcpy
 .text._free_r  0x0000000008006ae4       0x98 C:/ST/STM32CubeIDE_1.10.1/STM32CubeIDE/plugins/com.st.stm32cube.ide.mcu.externaltools.gnu-tools-for-stm32.11.3.rel1.win32_1.1.0.202305231506/tools/bin/../lib/gcc/arm-none-eabi/11.3.1/../../../../arm-none-eabi/lib/thumb/v7e-m+fp/hard\libc_nano.a(libc_a-freer.o)
                0x0000000008006ae4                _free_r
 .text.sbrk_aligned
                0x0000000008006b7c       0x40 C:/ST/STM32CubeIDE_1.10.1/STM32CubeIDE/plugins/com.st.stm32cube.ide.mcu.externaltools.gnu-tools-for-stm32.11.3.rel1.win32_1.1.0.202305231506/tools/bin/../lib/gcc/arm-none-eabi/11.3.1/../../../../arm-none-eabi/lib/thumb/v7e-m+fp/hard\libc_nano.a(libc_a-mallocr.o)
 .text._malloc_r
                0x0000000008006bbc      0x100 C:/ST/STM32CubeIDE_1.10.1/STM32CubeIDE/plugins/com.st.stm32cube.ide.mcu.externaltools.gnu-tools-for-stm32.11.3.rel1.win32_1.1.0.202305231506/tools/bin/../lib/gcc/arm-none-eabi/11.3.1/../../../../arm-none-eabi/lib/thumb/v7e-m+fp/hard\libc_nano.a(libc_a-mallocr.o)
                0x0000000008006bbc                _malloc_r
 .text.__malloc_lock
                0x0000000008006cbc        0xc C:/ST/STM32CubeIDE_1.10.1/STM32CubeIDE/plugins/com.st.stm32cube.ide.mcu.externaltools.gnu-tools-for-stm32.11.3.rel1.win32_1.1.0.202305231506/tools/bin/../lib/gcc/arm-none-eabi/11.3.1/../../../../arm-none-eabi/lib/thumb/v7e-m+fp/hard\libc_nano.a(libc_a-mlock.o)
                0x0000000008006cbc                __malloc_lock
 .text.__malloc_unlock
                0x0000000008006cc8        0xc C:/ST/STM32CubeIDE_1.10.1/STM32CubeIDE/plugins/com.st.stm32cube.ide.mcu.externaltools.gnu-tools-for-stm32.11.3.rel1.win32_1.1.0.202305231506/tools/bin/../lib/gcc/arm-none-eabi/11.3.1/../../../../arm-none-eabi/lib/thumb/v7e-m+fp/hard\libc_nano.a(libc_a-mlock.o)
                0x0000000008006cc8                __malloc_unlock
 .text._malloc_usable_size_r
                0x0000000008006cd4       0x10 C:/ST/STM32CubeIDE_1.10.1/STM32CubeIDE/plugins/com.st.stm32cube.ide.mcu.externaltools.gnu-tools-for-stm32.11.3.rel1.win32_1.1.0.202305231506/tools/bin/../lib/gcc/arm-none-eabi/11.3.1/../../../../arm-none-eabi/lib/thumb/v7e-m+fp/hard\libc_nano.a(libc_a-msizer.o)
                0x0000000008006cd4                _malloc_usable_size_r
 .text._sbrk_r  0x0000000008006ce4       0x20 C:/ST/STM32CubeIDE_1.10.1/STM32CubeIDE/plugins/com.st.stm32cube.ide.mcu.externaltools.gnu-tools-for-stm32.11.3.rel1.win32_1.1.0.202305231506/tools/bin/../lib/gcc/arm-none-eabi/11.3.1/../../../../arm-none-eabi/lib/thumb/v7e-m+fp/hard\libc_nano.a(libc_a-sbrkr.o)
                0x0000000008006ce4                _sbrk_r
 *(.glue_7)
 .glue_7        0x0000000008006d04        0x0 linker stubs
 *(.glue_7t)
 .glue_7t       0x0000000008006d04        0x0 linker stubs
 *(.eh_frame)
 .eh_frame      0x0000000008006d04        0x0 C:/ST/STM32CubeIDE_1.10.1/STM32CubeIDE/plugins/com.st.stm32cube.ide.mcu.externaltools.gnu-tools-for-stm32.11.3.rel1.win32_1.1.0.202305231506/tools/bin/../lib/gcc/arm-none-eabi/11.3.1/thumb/v7e-m+fp/hard/crtbegin.o
 *(.init)
 .init          0x0000000008006d04        0x4 C:/ST/STM32CubeIDE_1.10.1/STM32CubeIDE/plugins/com.st.stm32cube.ide.mcu.externaltools.gnu-tools-for-stm32.11.3.rel1.win32_1.1.0.202305231506/tools/bin/../lib/gcc/arm-none-eabi/11.3.1/thumb/v7e-m+fp/hard/crti.o
                0x0000000008006d04                _init
 .init          0x0000000008006d08        0x8 C:/ST/STM32CubeIDE_1.10.1/STM32CubeIDE/plugins/com.st.stm32cube.ide.mcu.externaltools.gnu-tools-for-stm32.11.3.rel1.win32_1.1.0.202305231506/tools/bin/../lib/gcc/arm-none-eabi/11.3.1/thumb/v7e-m+fp/hard/crtn.o
 *(.fini)
 .fini          0x0000000008006d10        0x4 C:/ST/STM32CubeIDE_1.10.1/STM32CubeIDE/plugins/com.st.stm32cube.ide.mcu.externaltools.gnu-tools-for-stm32.11.3.rel1.win32_1.1.0.202305231506/tools/bin/../lib/gcc/arm-none-eabi/11.3.1/thumb/v7e-m+fp/hard/crti.o
                0x0000000008006d10                _fini
 .fini          0x0000000008006d14        0x8 C:/ST/STM32CubeIDE_1.10.1/STM32CubeIDE/plugins/com.st.stm32cube.ide.mcu.externaltools.gnu-tools-for-stm32.11.3.rel1.win32_1.1.0.202305231506/tools/bin/../lib/gcc/arm-none-eabi/11.3.1/thumb/v7e-m+fp/hard/crtn.o
                0x0000000008006d1c                . = ALIGN (0x4)
                0x0000000008006d1c                _etext = .

.vfp11_veneer   0x0000000008006d1c        0x0
 .vfp11_veneer  0x0000000008006d1c        0x0 linker stubs

.v4_bx          0x0000000008006d1c        0x0
 .v4_bx         0x0000000008006d1c        0x0 linker stubs

.iplt           0x0000000008006d1c        0x0
 .iplt          0x0000000008006d1c        0x0 C:/ST/STM32CubeIDE_1.10.1/STM32CubeIDE/plugins/com.st.stm32cube.ide.mcu.externaltools.gnu-tools-for-stm32.11.3.rel1.win32_1.1.0.202305231506/tools/bin/../lib/gcc/arm-none-eabi/11.3.1/thumb/v7e-m+fp/hard/crtbegin.o

.rodata         0x0000000008006d1c      0x27c
                0x0000000008006d1c                . = ALIGN (0x4)
 *(.rodata)
 .rodata        0x0000000008006d1c      0x155 ./Core/Src/mainpp.o
 *(.rodata*)
 *fill*         0x0000000008006e71        0x3 
 .rodata._ZN14rosserial_msgsL12REQUESTPARAME
                0x0000000008006e74       0x1c ./Core/Src/mainpp.o
 .rodata._ZTVN3ros10SubscriberIN8std_msgs5Int64EvEE
                0x0000000008006e90       0x18 ./Core/Src/mainpp.o
                0x0000000008006e90                vtable for ros::Subscriber<std_msgs::Int64, void>
 .rodata._ZTVN3ros11NodeHandle_I13STM32HardwareLi25ELi25ELi512ELi512EEE
                0x0000000008006ea8       0x14 ./Core/Src/mainpp.o
                0x0000000008006ea8                vtable for ros::NodeHandle_<STM32Hardware, 25, 25, 512, 512>
 .rodata._ZTVN8std_msgs5Int64E
                0x0000000008006ebc       0x18 ./Core/Src/mainpp.o
                0x0000000008006ebc                vtable for std_msgs::Int64
 .rodata._ZTVN3ros11Subscriber_E
                0x0000000008006ed4       0x18 ./Core/Src/mainpp.o
                0x0000000008006ed4                vtable for ros::Subscriber_
 .rodata._ZTVN3ros15NodeHandleBase_E
                0x0000000008006eec       0x14 ./Core/Src/mainpp.o
                0x0000000008006eec                vtable for ros::NodeHandleBase_
 .rodata._ZTVN14rosserial_msgs20RequestParamResponseE
                0x0000000008006f00       0x18 ./Core/Src/mainpp.o
                0x0000000008006f00                vtable for rosserial_msgs::RequestParamResponse
 .rodata._ZTVN14rosserial_msgs3LogE
                0x0000000008006f18       0x18 ./Core/Src/mainpp.o
                0x0000000008006f18                vtable for rosserial_msgs::Log
 .rodata._ZTVN14rosserial_msgs9TopicInfoE
                0x0000000008006f30       0x18 ./Core/Src/mainpp.o
                0x0000000008006f30                vtable for rosserial_msgs::TopicInfo
 .rodata._ZTVN8std_msgs4TimeE
                0x0000000008006f48       0x18 ./Core/Src/mainpp.o
                0x0000000008006f48                vtable for std_msgs::Time
 .rodata._ZTVN3ros3MsgE
                0x0000000008006f60       0x18 ./Core/Src/mainpp.o
                0x0000000008006f60                vtable for ros::Msg
 .rodata.AHBPrescTable
                0x0000000008006f78       0x10 ./Core/Src/system_stm32f4xx.o
                0x0000000008006f78                AHBPrescTable
 .rodata.APBPrescTable
                0x0000000008006f88        0x8 ./Core/Src/system_stm32f4xx.o
                0x0000000008006f88                APBPrescTable
 .rodata.flagBitshiftOffset.0
                0x0000000008006f90        0x8 ./Drivers/STM32F4xx_HAL_Driver/Src/stm32f4xx_hal_dma.o
                0x0000000008006f98                . = ALIGN (0x4)

.ARM.extab      0x0000000008006f98        0x0
                0x0000000008006f98                . = ALIGN (0x4)
 *(.ARM.extab* .gnu.linkonce.armextab.*)
                0x0000000008006f98                . = ALIGN (0x4)

.ARM            0x0000000008006f98        0x8
                0x0000000008006f98                . = ALIGN (0x4)
                0x0000000008006f98                __exidx_start = .
 *(.ARM.exidx*)
 .ARM.exidx     0x0000000008006f98        0x8 C:/ST/STM32CubeIDE_1.10.1/STM32CubeIDE/plugins/com.st.stm32cube.ide.mcu.externaltools.gnu-tools-for-stm32.11.3.rel1.win32_1.1.0.202305231506/tools/bin/../lib/gcc/arm-none-eabi/11.3.1/thumb/v7e-m+fp/hard\libgcc.a(_udivmoddi4.o)
                0x0000000008006fa0                __exidx_end = .
                0x0000000008006fa0                . = ALIGN (0x4)

.rel.dyn        0x0000000008006fa0        0x0
 .rel.iplt      0x0000000008006fa0        0x0 C:/ST/STM32CubeIDE_1.10.1/STM32CubeIDE/plugins/com.st.stm32cube.ide.mcu.externaltools.gnu-tools-for-stm32.11.3.rel1.win32_1.1.0.202305231506/tools/bin/../lib/gcc/arm-none-eabi/11.3.1/thumb/v7e-m+fp/hard/crtbegin.o

.preinit_array  0x0000000008006fa0        0x0
                0x0000000008006fa0                . = ALIGN (0x4)
                0x0000000008006fa0                PROVIDE (__preinit_array_start = .)
 *(.preinit_array*)
                0x0000000008006fa0                PROVIDE (__preinit_array_end = .)
                0x0000000008006fa0                . = ALIGN (0x4)

.init_array     0x0000000008006fa0        0x8
                0x0000000008006fa0                . = ALIGN (0x4)
                0x0000000008006fa0                PROVIDE (__init_array_start = .)
 *(SORT_BY_NAME(.init_array.*))
 *(.init_array*)
 .init_array    0x0000000008006fa0        0x4 C:/ST/STM32CubeIDE_1.10.1/STM32CubeIDE/plugins/com.st.stm32cube.ide.mcu.externaltools.gnu-tools-for-stm32.11.3.rel1.win32_1.1.0.202305231506/tools/bin/../lib/gcc/arm-none-eabi/11.3.1/thumb/v7e-m+fp/hard/crtbegin.o
 .init_array    0x0000000008006fa4        0x4 ./Core/Src/mainpp.o
                0x0000000008006fa8                PROVIDE (__init_array_end = .)
                0x0000000008006fa8                . = ALIGN (0x4)

.fini_array     0x0000000008006fa8        0x4
                0x0000000008006fa8                . = ALIGN (0x4)
                [!provide]                        PROVIDE (__fini_array_start = .)
 *(SORT_BY_NAME(.fini_array.*))
 *(.fini_array*)
 .fini_array    0x0000000008006fa8        0x4 C:/ST/STM32CubeIDE_1.10.1/STM32CubeIDE/plugins/com.st.stm32cube.ide.mcu.externaltools.gnu-tools-for-stm32.11.3.rel1.win32_1.1.0.202305231506/tools/bin/../lib/gcc/arm-none-eabi/11.3.1/thumb/v7e-m+fp/hard/crtbegin.o
                [!provide]                        PROVIDE (__fini_array_end = .)
                0x0000000008006fac                . = ALIGN (0x4)
                0x0000000008006fac                _sidata = LOADADDR (.data)

.data           0x0000000020000000       0x5c load address 0x0000000008006fac
                0x0000000020000000                . = ALIGN (0x4)
                0x0000000020000000                _sdata = .
 *(.data)
 *(.data*)
 .data.SystemCoreClock
                0x0000000020000000        0x4 ./Core/Src/system_stm32f4xx.o
                0x0000000020000000                SystemCoreClock
 .data.uwTickPrio
                0x0000000020000004        0x4 ./Drivers/STM32F4xx_HAL_Driver/Src/stm32f4xx_hal.o
                0x0000000020000004                uwTickPrio
 .data.uwTickFreq
                0x0000000020000008        0x1 ./Drivers/STM32F4xx_HAL_Driver/Src/stm32f4xx_hal.o
                0x0000000020000008                uwTickFreq
 *fill*         0x0000000020000009        0x3 
 .data._impure_data
                0x000000002000000c       0x4c C:/ST/STM32CubeIDE_1.10.1/STM32CubeIDE/plugins/com.st.stm32cube.ide.mcu.externaltools.gnu-tools-for-stm32.11.3.rel1.win32_1.1.0.202305231506/tools/bin/../lib/gcc/arm-none-eabi/11.3.1/../../../../arm-none-eabi/lib/thumb/v7e-m+fp/hard\libc_nano.a(libc_a-impure.o)
                0x000000002000000c                _impure_data
 .data._impure_ptr
                0x0000000020000058        0x4 C:/ST/STM32CubeIDE_1.10.1/STM32CubeIDE/plugins/com.st.stm32cube.ide.mcu.externaltools.gnu-tools-for-stm32.11.3.rel1.win32_1.1.0.202305231506/tools/bin/../lib/gcc/arm-none-eabi/11.3.1/../../../../arm-none-eabi/lib/thumb/v7e-m+fp/hard\libc_nano.a(libc_a-impure.o)
                0x0000000020000058                _impure_ptr
 *(.RamFunc)
 *(.RamFunc*)
                0x000000002000005c                . = ALIGN (0x4)
                0x000000002000005c                _edata = .

.igot.plt       0x000000002000005c        0x0 load address 0x0000000008007008
 .igot.plt      0x000000002000005c        0x0 C:/ST/STM32CubeIDE_1.10.1/STM32CubeIDE/plugins/com.st.stm32cube.ide.mcu.externaltools.gnu-tools-for-stm32.11.3.rel1.win32_1.1.0.202305231506/tools/bin/../lib/gcc/arm-none-eabi/11.3.1/thumb/v7e-m+fp/hard/crtbegin.o
                0x000000002000005c                . = ALIGN (0x4)

.bss            0x0000000020000060     0x1854 load address 0x0000000008007008
                0x0000000020000060                _sbss = .
                0x0000000020000060                __bss_start__ = _sbss
 *(.bss)
 .bss           0x0000000020000060       0x1c C:/ST/STM32CubeIDE_1.10.1/STM32CubeIDE/plugins/com.st.stm32cube.ide.mcu.externaltools.gnu-tools-for-stm32.11.3.rel1.win32_1.1.0.202305231506/tools/bin/../lib/gcc/arm-none-eabi/11.3.1/thumb/v7e-m+fp/hard/crtbegin.o
 *(.bss*)
 .bss.htim1     0x000000002000007c       0x48 ./Core/Src/main.o
                0x000000002000007c                htim1
 .bss.huart2    0x00000000200000c4       0x44 ./Core/Src/main.o
                0x00000000200000c4                huart2
 .bss.hdma_usart2_rx
                0x0000000020000108       0x60 ./Core/Src/main.o
                0x0000000020000108                hdma_usart2_rx
 .bss.hdma_usart2_tx
                0x0000000020000168       0x60 ./Core/Src/main.o
                0x0000000020000168                hdma_usart2_tx
 .bss.t         0x00000000200001c8        0x4 ./Core/Src/main.o
                0x00000000200001c8                t
 .bss._ZZN13STM32Hardware5flushEvE5mutex
                0x00000000200001cc        0x1 ./Core/Src/mainpp.o
                0x00000000200001cc                STM32Hardware::flush()::mutex
 *fill*         0x00000000200001cd        0x3 
 .bss.count     0x00000000200001d0        0x4 ./Core/Src/mainpp.o
                0x00000000200001d0                count
 *fill*         0x00000000200001d4        0x4 
 .bss.test      0x00000000200001d8       0x10 ./Core/Src/mainpp.o
                0x00000000200001d8                test
 .bss.nh        0x00000000200001e8     0x153c ./Core/Src/mainpp.o
                0x00000000200001e8                nh
 *fill*         0x0000000020001724        0x4 
 .bss.sub       0x0000000020001728       0x28 ./Core/Src/mainpp.o
                0x0000000020001728                sub
 .bss.pub       0x0000000020001750       0x14 ./Core/Src/mainpp.o
                0x0000000020001750                pub
 .bss.__sbrk_heap_end
                0x0000000020001764        0x4 ./Core/Src/sysmem.o
 .bss.uwTick    0x0000000020001768        0x4 ./Drivers/STM32F4xx_HAL_Driver/Src/stm32f4xx_hal.o
                0x0000000020001768                uwTick
 .bss.__sf      0x000000002000176c      0x138 C:/ST/STM32CubeIDE_1.10.1/STM32CubeIDE/plugins/com.st.stm32cube.ide.mcu.externaltools.gnu-tools-for-stm32.11.3.rel1.win32_1.1.0.202305231506/tools/bin/../lib/gcc/arm-none-eabi/11.3.1/../../../../arm-none-eabi/lib/thumb/v7e-m+fp/hard\libc_nano.a(libc_a-findfp.o)
                0x000000002000176c                __sf
 .bss.errno     0x00000000200018a4        0x4 C:/ST/STM32CubeIDE_1.10.1/STM32CubeIDE/plugins/com.st.stm32cube.ide.mcu.externaltools.gnu-tools-for-stm32.11.3.rel1.win32_1.1.0.202305231506/tools/bin/../lib/gcc/arm-none-eabi/11.3.1/../../../../arm-none-eabi/lib/thumb/v7e-m+fp/hard\libc_nano.a(libc_a-reent.o)
                0x00000000200018a4                errno
 .bss.__lock___malloc_recursive_mutex
                0x00000000200018a8        0x1 C:/ST/STM32CubeIDE_1.10.1/STM32CubeIDE/plugins/com.st.stm32cube.ide.mcu.externaltools.gnu-tools-for-stm32.11.3.rel1.win32_1.1.0.202305231506/tools/bin/../lib/gcc/arm-none-eabi/11.3.1/../../../../arm-none-eabi/lib/thumb/v7e-m+fp/hard\libc_nano.a(libc_a-lock.o)
                0x00000000200018a8                __lock___malloc_recursive_mutex
 *fill*         0x00000000200018a9        0x3 
 .bss.__malloc_free_list
                0x00000000200018ac        0x4 C:/ST/STM32CubeIDE_1.10.1/STM32CubeIDE/plugins/com.st.stm32cube.ide.mcu.externaltools.gnu-tools-for-stm32.11.3.rel1.win32_1.1.0.202305231506/tools/bin/../lib/gcc/arm-none-eabi/11.3.1/../../../../arm-none-eabi/lib/thumb/v7e-m+fp/hard\libc_nano.a(libc_a-mallocr.o)
                0x00000000200018ac                __malloc_free_list
 .bss.__malloc_sbrk_start
                0x00000000200018b0        0x4 C:/ST/STM32CubeIDE_1.10.1/STM32CubeIDE/plugins/com.st.stm32cube.ide.mcu.externaltools.gnu-tools-for-stm32.11.3.rel1.win32_1.1.0.202305231506/tools/bin/../lib/gcc/arm-none-eabi/11.3.1/../../../../arm-none-eabi/lib/thumb/v7e-m+fp/hard\libc_nano.a(libc_a-mallocr.o)
                0x00000000200018b0                __malloc_sbrk_start
 *(COMMON)
                0x00000000200018b4                . = ALIGN (0x4)
                0x00000000200018b4                _ebss = .
                0x00000000200018b4                __bss_end__ = _ebss

._user_heap_stack
                0x00000000200018b4      0x604 load address 0x0000000008007008
                0x00000000200018b8                . = ALIGN (0x8)
 *fill*         0x00000000200018b4        0x4 
                [!provide]                        PROVIDE (end = .)
                0x00000000200018b8                PROVIDE (_end = .)
                0x0000000020001ab8                . = (. + _Min_Heap_Size)
 *fill*         0x00000000200018b8      0x200 
                0x0000000020001eb8                . = (. + _Min_Stack_Size)
 *fill*         0x0000000020001ab8      0x400 
                0x0000000020001eb8                . = ALIGN (0x8)

/DISCARD/
 libc.a(*)
 libm.a(*)
 libgcc.a(*)

.ARM.attributes
                0x0000000000000000       0x30
 *(.ARM.attributes)
 .ARM.attributes
                0x0000000000000000       0x1e C:/ST/STM32CubeIDE_1.10.1/STM32CubeIDE/plugins/com.st.stm32cube.ide.mcu.externaltools.gnu-tools-for-stm32.11.3.rel1.win32_1.1.0.202305231506/tools/bin/../lib/gcc/arm-none-eabi/11.3.1/thumb/v7e-m+fp/hard/crti.o
 .ARM.attributes
                0x000000000000001e       0x34 C:/ST/STM32CubeIDE_1.10.1/STM32CubeIDE/plugins/com.st.stm32cube.ide.mcu.externaltools.gnu-tools-for-stm32.11.3.rel1.win32_1.1.0.202305231506/tools/bin/../lib/gcc/arm-none-eabi/11.3.1/thumb/v7e-m+fp/hard/crtbegin.o
 .ARM.attributes
                0x0000000000000052       0x34 ./Core/Inc/time.o
 .ARM.attributes
                0x0000000000000086       0x34 ./Core/Src/main.o
 .ARM.attributes
                0x00000000000000ba       0x34 ./Core/Src/mainpp.o
 .ARM.attributes
                0x00000000000000ee       0x34 ./Core/Src/stm32f4xx_hal_msp.o
 .ARM.attributes
                0x0000000000000122       0x34 ./Core/Src/stm32f4xx_it.o
 .ARM.attributes
                0x0000000000000156       0x34 ./Core/Src/sysmem.o
 .ARM.attributes
                0x000000000000018a       0x34 ./Core/Src/system_stm32f4xx.o
 .ARM.attributes
                0x00000000000001be       0x21 ./Core/Startup/startup_stm32f446retx.o
 .ARM.attributes
                0x00000000000001df       0x34 ./Drivers/STM32F4xx_HAL_Driver/Src/stm32f4xx_hal.o
 .ARM.attributes
                0x0000000000000213       0x34 ./Drivers/STM32F4xx_HAL_Driver/Src/stm32f4xx_hal_cortex.o
 .ARM.attributes
                0x0000000000000247       0x34 ./Drivers/STM32F4xx_HAL_Driver/Src/stm32f4xx_hal_dma.o
 .ARM.attributes
                0x000000000000027b       0x34 ./Drivers/STM32F4xx_HAL_Driver/Src/stm32f4xx_hal_gpio.o
 .ARM.attributes
                0x00000000000002af       0x34 ./Drivers/STM32F4xx_HAL_Driver/Src/stm32f4xx_hal_rcc.o
 .ARM.attributes
                0x00000000000002e3       0x34 ./Drivers/STM32F4xx_HAL_Driver/Src/stm32f4xx_hal_rcc_ex.o
 .ARM.attributes
                0x0000000000000317       0x34 ./Drivers/STM32F4xx_HAL_Driver/Src/stm32f4xx_hal_tim.o
 .ARM.attributes
                0x000000000000034b       0x34 ./Drivers/STM32F4xx_HAL_Driver/Src/stm32f4xx_hal_tim_ex.o
 .ARM.attributes
                0x000000000000037f       0x34 ./Drivers/STM32F4xx_HAL_Driver/Src/stm32f4xx_hal_uart.o
 .ARM.attributes
                0x00000000000003b3       0x34 C:/ST/STM32CubeIDE_1.10.1/STM32CubeIDE/plugins/com.st.stm32cube.ide.mcu.externaltools.gnu-tools-for-stm32.11.3.rel1.win32_1.1.0.202305231506/tools/bin/../lib/gcc/arm-none-eabi/11.3.1/../../../../arm-none-eabi/lib/thumb/v7e-m+fp/hard\libc_nano.a(libc_a-realloc.o)
 .ARM.attributes
                0x00000000000003e7       0x34 C:/ST/STM32CubeIDE_1.10.1/STM32CubeIDE/plugins/com.st.stm32cube.ide.mcu.externaltools.gnu-tools-for-stm32.11.3.rel1.win32_1.1.0.202305231506/tools/bin/../lib/gcc/arm-none-eabi/11.3.1/../../../../arm-none-eabi/lib/thumb/v7e-m+fp/hard\libc_nano.a(libc_a-reallocr.o)
 .ARM.attributes
                0x000000000000041b       0x34 C:/ST/STM32CubeIDE_1.10.1/STM32CubeIDE/plugins/com.st.stm32cube.ide.mcu.externaltools.gnu-tools-for-stm32.11.3.rel1.win32_1.1.0.202305231506/tools/bin/../lib/gcc/arm-none-eabi/11.3.1/../../../../arm-none-eabi/lib/thumb/v7e-m+fp/hard\libc_nano.a(libc_a-findfp.o)
 .ARM.attributes
                0x000000000000044f       0x34 C:/ST/STM32CubeIDE_1.10.1/STM32CubeIDE/plugins/com.st.stm32cube.ide.mcu.externaltools.gnu-tools-for-stm32.11.3.rel1.win32_1.1.0.202305231506/tools/bin/../lib/gcc/arm-none-eabi/11.3.1/../../../../arm-none-eabi/lib/thumb/v7e-m+fp/hard\libc_nano.a(libc_a-memset.o)
 .ARM.attributes
                0x0000000000000483       0x34 C:/ST/STM32CubeIDE_1.10.1/STM32CubeIDE/plugins/com.st.stm32cube.ide.mcu.externaltools.gnu-tools-for-stm32.11.3.rel1.win32_1.1.0.202305231506/tools/bin/../lib/gcc/arm-none-eabi/11.3.1/../../../../arm-none-eabi/lib/thumb/v7e-m+fp/hard\libc_nano.a(libc_a-reent.o)
 .ARM.attributes
                0x00000000000004b7       0x34 C:/ST/STM32CubeIDE_1.10.1/STM32CubeIDE/plugins/com.st.stm32cube.ide.mcu.externaltools.gnu-tools-for-stm32.11.3.rel1.win32_1.1.0.202305231506/tools/bin/../lib/gcc/arm-none-eabi/11.3.1/../../../../arm-none-eabi/lib/thumb/v7e-m+fp/hard\libc_nano.a(libc_a-impure.o)
 .ARM.attributes
                0x00000000000004eb       0x34 C:/ST/STM32CubeIDE_1.10.1/STM32CubeIDE/plugins/com.st.stm32cube.ide.mcu.externaltools.gnu-tools-for-stm32.11.3.rel1.win32_1.1.0.202305231506/tools/bin/../lib/gcc/arm-none-eabi/11.3.1/../../../../arm-none-eabi/lib/thumb/v7e-m+fp/hard\libc_nano.a(libc_a-errno.o)
 .ARM.attributes
                0x000000000000051f       0x34 C:/ST/STM32CubeIDE_1.10.1/STM32CubeIDE/plugins/com.st.stm32cube.ide.mcu.externaltools.gnu-tools-for-stm32.11.3.rel1.win32_1.1.0.202305231506/tools/bin/../lib/gcc/arm-none-eabi/11.3.1/../../../../arm-none-eabi/lib/thumb/v7e-m+fp/hard\libc_nano.a(libc_a-init.o)
 .ARM.attributes
                0x0000000000000553       0x34 C:/ST/STM32CubeIDE_1.10.1/STM32CubeIDE/plugins/com.st.stm32cube.ide.mcu.externaltools.gnu-tools-for-stm32.11.3.rel1.win32_1.1.0.202305231506/tools/bin/../lib/gcc/arm-none-eabi/11.3.1/../../../../arm-none-eabi/lib/thumb/v7e-m+fp/hard\libc_nano.a(libc_a-lock.o)
 .ARM.attributes
                0x0000000000000587       0x34 C:/ST/STM32CubeIDE_1.10.1/STM32CubeIDE/plugins/com.st.stm32cube.ide.mcu.externaltools.gnu-tools-for-stm32.11.3.rel1.win32_1.1.0.202305231506/tools/bin/../lib/gcc/arm-none-eabi/11.3.1/../../../../arm-none-eabi/lib/thumb/v7e-m+fp/hard\libc_nano.a(libc_a-memcpy-stub.o)
 .ARM.attributes
                0x00000000000005bb       0x17 C:/ST/STM32CubeIDE_1.10.1/STM32CubeIDE/plugins/com.st.stm32cube.ide.mcu.externaltools.gnu-tools-for-stm32.11.3.rel1.win32_1.1.0.202305231506/tools/bin/../lib/gcc/arm-none-eabi/11.3.1/../../../../arm-none-eabi/lib/thumb/v7e-m+fp/hard\libc_nano.a(libc_a-strlen.o)
 .ARM.attributes
                0x00000000000005d2       0x34 C:/ST/STM32CubeIDE_1.10.1/STM32CubeIDE/plugins/com.st.stm32cube.ide.mcu.externaltools.gnu-tools-for-stm32.11.3.rel1.win32_1.1.0.202305231506/tools/bin/../lib/gcc/arm-none-eabi/11.3.1/../../../../arm-none-eabi/lib/thumb/v7e-m+fp/hard\libc_nano.a(libc_a-freer.o)
 .ARM.attributes
                0x0000000000000606       0x34 C:/ST/STM32CubeIDE_1.10.1/STM32CubeIDE/plugins/com.st.stm32cube.ide.mcu.externaltools.gnu-tools-for-stm32.11.3.rel1.win32_1.1.0.202305231506/tools/bin/../lib/gcc/arm-none-eabi/11.3.1/../../../../arm-none-eabi/lib/thumb/v7e-m+fp/hard\libc_nano.a(libc_a-mallocr.o)
 .ARM.attributes
                0x000000000000063a       0x34 C:/ST/STM32CubeIDE_1.10.1/STM32CubeIDE/plugins/com.st.stm32cube.ide.mcu.externaltools.gnu-tools-for-stm32.11.3.rel1.win32_1.1.0.202305231506/tools/bin/../lib/gcc/arm-none-eabi/11.3.1/../../../../arm-none-eabi/lib/thumb/v7e-m+fp/hard\libc_nano.a(libc_a-mlock.o)
 .ARM.attributes
                0x000000000000066e       0x34 C:/ST/STM32CubeIDE_1.10.1/STM32CubeIDE/plugins/com.st.stm32cube.ide.mcu.externaltools.gnu-tools-for-stm32.11.3.rel1.win32_1.1.0.202305231506/tools/bin/../lib/gcc/arm-none-eabi/11.3.1/../../../../arm-none-eabi/lib/thumb/v7e-m+fp/hard\libc_nano.a(libc_a-msizer.o)
 .ARM.attributes
                0x00000000000006a2       0x34 C:/ST/STM32CubeIDE_1.10.1/STM32CubeIDE/plugins/com.st.stm32cube.ide.mcu.externaltools.gnu-tools-for-stm32.11.3.rel1.win32_1.1.0.202305231506/tools/bin/../lib/gcc/arm-none-eabi/11.3.1/../../../../arm-none-eabi/lib/thumb/v7e-m+fp/hard\libc_nano.a(libc_a-sbrkr.o)
 .ARM.attributes
                0x00000000000006d6       0x1e C:/ST/STM32CubeIDE_1.10.1/STM32CubeIDE/plugins/com.st.stm32cube.ide.mcu.externaltools.gnu-tools-for-stm32.11.3.rel1.win32_1.1.0.202305231506/tools/bin/../lib/gcc/arm-none-eabi/11.3.1/thumb/v7e-m+fp/hard\libgcc.a(_aeabi_uldivmod.o)
 .ARM.attributes
                0x00000000000006f4       0x34 C:/ST/STM32CubeIDE_1.10.1/STM32CubeIDE/plugins/com.st.stm32cube.ide.mcu.externaltools.gnu-tools-for-stm32.11.3.rel1.win32_1.1.0.202305231506/tools/bin/../lib/gcc/arm-none-eabi/11.3.1/thumb/v7e-m+fp/hard\libgcc.a(_udivmoddi4.o)
 .ARM.attributes
                0x0000000000000728       0x1e C:/ST/STM32CubeIDE_1.10.1/STM32CubeIDE/plugins/com.st.stm32cube.ide.mcu.externaltools.gnu-tools-for-stm32.11.3.rel1.win32_1.1.0.202305231506/tools/bin/../lib/gcc/arm-none-eabi/11.3.1/thumb/v7e-m+fp/hard\libgcc.a(_dvmd_tls.o)
 .ARM.attributes
                0x0000000000000746       0x1e C:/ST/STM32CubeIDE_1.10.1/STM32CubeIDE/plugins/com.st.stm32cube.ide.mcu.externaltools.gnu-tools-for-stm32.11.3.rel1.win32_1.1.0.202305231506/tools/bin/../lib/gcc/arm-none-eabi/11.3.1/thumb/v7e-m+fp/hard/crtn.o
OUTPUT(TDK_comm_test.elf elf32-littlearm)
LOAD linker stubs
LOAD C:/ST/STM32CubeIDE_1.10.1/STM32CubeIDE/plugins/com.st.stm32cube.ide.mcu.externaltools.gnu-tools-for-stm32.11.3.rel1.win32_1.1.0.202305231506/tools/bin/../lib/gcc/arm-none-eabi/11.3.1/../../../../arm-none-eabi/lib/thumb/v7e-m+fp/hard\libc.a
LOAD C:/ST/STM32CubeIDE_1.10.1/STM32CubeIDE/plugins/com.st.stm32cube.ide.mcu.externaltools.gnu-tools-for-stm32.11.3.rel1.win32_1.1.0.202305231506/tools/bin/../lib/gcc/arm-none-eabi/11.3.1/../../../../arm-none-eabi/lib/thumb/v7e-m+fp/hard\libm.a
LOAD C:/ST/STM32CubeIDE_1.10.1/STM32CubeIDE/plugins/com.st.stm32cube.ide.mcu.externaltools.gnu-tools-for-stm32.11.3.rel1.win32_1.1.0.202305231506/tools/bin/../lib/gcc/arm-none-eabi/11.3.1/thumb/v7e-m+fp/hard\libgcc.a

.comment        0x0000000000000000       0x43
 .comment       0x0000000000000000       0x43 C:/ST/STM32CubeIDE_1.10.1/STM32CubeIDE/plugins/com.st.stm32cube.ide.mcu.externaltools.gnu-tools-for-stm32.11.3.rel1.win32_1.1.0.202305231506/tools/bin/../lib/gcc/arm-none-eabi/11.3.1/thumb/v7e-m+fp/hard/crtbegin.o
                                         0x44 (size before relaxing)
 .comment       0x0000000000000043       0x44 ./Core/Inc/time.o
 .comment       0x0000000000000043       0x44 ./Core/Src/main.o
 .comment       0x0000000000000043       0x44 ./Core/Src/mainpp.o
 .comment       0x0000000000000043       0x44 ./Core/Src/stm32f4xx_hal_msp.o
 .comment       0x0000000000000043       0x44 ./Core/Src/stm32f4xx_it.o
 .comment       0x0000000000000043       0x44 ./Core/Src/sysmem.o
 .comment       0x0000000000000043       0x44 ./Core/Src/system_stm32f4xx.o
 .comment       0x0000000000000043       0x44 ./Drivers/STM32F4xx_HAL_Driver/Src/stm32f4xx_hal.o
 .comment       0x0000000000000043       0x44 ./Drivers/STM32F4xx_HAL_Driver/Src/stm32f4xx_hal_cortex.o
 .comment       0x0000000000000043       0x44 ./Drivers/STM32F4xx_HAL_Driver/Src/stm32f4xx_hal_dma.o
 .comment       0x0000000000000043       0x44 ./Drivers/STM32F4xx_HAL_Driver/Src/stm32f4xx_hal_gpio.o
 .comment       0x0000000000000043       0x44 ./Drivers/STM32F4xx_HAL_Driver/Src/stm32f4xx_hal_rcc.o
 .comment       0x0000000000000043       0x44 ./Drivers/STM32F4xx_HAL_Driver/Src/stm32f4xx_hal_rcc_ex.o
 .comment       0x0000000000000043       0x44 ./Drivers/STM32F4xx_HAL_Driver/Src/stm32f4xx_hal_tim.o
 .comment       0x0000000000000043       0x44 ./Drivers/STM32F4xx_HAL_Driver/Src/stm32f4xx_hal_tim_ex.o
 .comment       0x0000000000000043       0x44 ./Drivers/STM32F4xx_HAL_Driver/Src/stm32f4xx_hal_uart.o

.debug_info     0x0000000000000000    0x149a7
 .debug_info    0x0000000000000000     0x1855 ./Core/Inc/time.o
 .debug_info    0x0000000000001855     0x136f ./Core/Src/main.o
 .debug_info    0x0000000000002bc4     0x5659 ./Core/Src/mainpp.o
 .debug_info    0x000000000000821d      0xfe5 ./Core/Src/stm32f4xx_hal_msp.o
 .debug_info    0x0000000000009202      0x9eb ./Core/Src/stm32f4xx_it.o
 .debug_info    0x0000000000009bed      0x168 ./Core/Src/sysmem.o
 .debug_info    0x0000000000009d55      0x54a ./Core/Src/system_stm32f4xx.o
 .debug_info    0x000000000000a29f       0x23 ./Core/Startup/startup_stm32f446retx.o
 .debug_info    0x000000000000a2c2      0x99e ./Drivers/STM32F4xx_HAL_Driver/Src/stm32f4xx_hal.o
 .debug_info    0x000000000000ac60      0xd64 ./Drivers/STM32F4xx_HAL_Driver/Src/stm32f4xx_hal_cortex.o
 .debug_info    0x000000000000b9c4      0x8e7 ./Drivers/STM32F4xx_HAL_Driver/Src/stm32f4xx_hal_dma.o
 .debug_info    0x000000000000c2ab      0x70b ./Drivers/STM32F4xx_HAL_Driver/Src/stm32f4xx_hal_gpio.o
 .debug_info    0x000000000000c9b6      0x8ed ./Drivers/STM32F4xx_HAL_Driver/Src/stm32f4xx_hal_rcc.o
 .debug_info    0x000000000000d2a3      0x956 ./Drivers/STM32F4xx_HAL_Driver/Src/stm32f4xx_hal_rcc_ex.o
 .debug_info    0x000000000000dbf9     0x2948 ./Drivers/STM32F4xx_HAL_Driver/Src/stm32f4xx_hal_tim.o
 .debug_info    0x0000000000010541     0x14ae ./Drivers/STM32F4xx_HAL_Driver/Src/stm32f4xx_hal_tim_ex.o
 .debug_info    0x00000000000119ef     0x2fb8 ./Drivers/STM32F4xx_HAL_Driver/Src/stm32f4xx_hal_uart.o

.debug_abbrev   0x0000000000000000     0x2af2
 .debug_abbrev  0x0000000000000000      0x26d ./Core/Inc/time.o
 .debug_abbrev  0x000000000000026d      0x312 ./Core/Src/main.o
 .debug_abbrev  0x000000000000057f      0x989 ./Core/Src/mainpp.o
 .debug_abbrev  0x0000000000000f08      0x21f ./Core/Src/stm32f4xx_hal_msp.o
 .debug_abbrev  0x0000000000001127      0x1b6 ./Core/Src/stm32f4xx_it.o
 .debug_abbrev  0x00000000000012dd       0xbc ./Core/Src/sysmem.o
 .debug_abbrev  0x0000000000001399      0x11a ./Core/Src/system_stm32f4xx.o
 .debug_abbrev  0x00000000000014b3       0x12 ./Core/Startup/startup_stm32f446retx.o
 .debug_abbrev  0x00000000000014c5      0x213 ./Drivers/STM32F4xx_HAL_Driver/Src/stm32f4xx_hal.o
 .debug_abbrev  0x00000000000016d8      0x327 ./Drivers/STM32F4xx_HAL_Driver/Src/stm32f4xx_hal_cortex.o
 .debug_abbrev  0x00000000000019ff      0x264 ./Drivers/STM32F4xx_HAL_Driver/Src/stm32f4xx_hal_dma.o
 .debug_abbrev  0x0000000000001c63      0x1d4 ./Drivers/STM32F4xx_HAL_Driver/Src/stm32f4xx_hal_gpio.o
 .debug_abbrev  0x0000000000001e37      0x2b6 ./Drivers/STM32F4xx_HAL_Driver/Src/stm32f4xx_hal_rcc.o
 .debug_abbrev  0x00000000000020ed      0x20a ./Drivers/STM32F4xx_HAL_Driver/Src/stm32f4xx_hal_rcc_ex.o
 .debug_abbrev  0x00000000000022f7      0x271 ./Drivers/STM32F4xx_HAL_Driver/Src/stm32f4xx_hal_tim.o
 .debug_abbrev  0x0000000000002568      0x27c ./Drivers/STM32F4xx_HAL_Driver/Src/stm32f4xx_hal_tim_ex.o
 .debug_abbrev  0x00000000000027e4      0x30e ./Drivers/STM32F4xx_HAL_Driver/Src/stm32f4xx_hal_uart.o

.debug_aranges  0x0000000000000000      0xf50
 .debug_aranges
                0x0000000000000000       0x38 ./Core/Inc/time.o
 .debug_aranges
                0x0000000000000038       0x58 ./Core/Src/main.o
 .debug_aranges
                0x0000000000000090      0x250 ./Core/Src/mainpp.o
 .debug_aranges
                0x00000000000002e0       0x40 ./Core/Src/stm32f4xx_hal_msp.o
 .debug_aranges
                0x0000000000000320       0x98 ./Core/Src/stm32f4xx_it.o
 .debug_aranges
                0x00000000000003b8       0x20 ./Core/Src/sysmem.o
 .debug_aranges
                0x00000000000003d8       0x28 ./Core/Src/system_stm32f4xx.o
 .debug_aranges
                0x0000000000000400       0x28 ./Core/Startup/startup_stm32f446retx.o
 .debug_aranges
                0x0000000000000428       0xf0 ./Drivers/STM32F4xx_HAL_Driver/Src/stm32f4xx_hal.o
 .debug_aranges
                0x0000000000000518      0x118 ./Drivers/STM32F4xx_HAL_Driver/Src/stm32f4xx_hal_cortex.o
 .debug_aranges
                0x0000000000000630       0x90 ./Drivers/STM32F4xx_HAL_Driver/Src/stm32f4xx_hal_dma.o
 .debug_aranges
                0x00000000000006c0       0x58 ./Drivers/STM32F4xx_HAL_Driver/Src/stm32f4xx_hal_gpio.o
 .debug_aranges
                0x0000000000000718       0x88 ./Drivers/STM32F4xx_HAL_Driver/Src/stm32f4xx_hal_rcc.o
 .debug_aranges
                0x00000000000007a0       0x78 ./Drivers/STM32F4xx_HAL_Driver/Src/stm32f4xx_hal_rcc_ex.o
 .debug_aranges
                0x0000000000000818      0x3d0 ./Drivers/STM32F4xx_HAL_Driver/Src/stm32f4xx_hal_tim.o
 .debug_aranges
                0x0000000000000be8      0x168 ./Drivers/STM32F4xx_HAL_Driver/Src/stm32f4xx_hal_tim_ex.o
 .debug_aranges
                0x0000000000000d50      0x200 ./Drivers/STM32F4xx_HAL_Driver/Src/stm32f4xx_hal_uart.o

.debug_rnglists
                0x0000000000000000      0xc02
 .debug_rnglists
                0x0000000000000000       0x25 ./Core/Inc/time.o
 .debug_rnglists
                0x0000000000000025       0x40 ./Core/Src/main.o
 .debug_rnglists
                0x0000000000000065      0x1d7 ./Core/Src/mainpp.o
 .debug_rnglists
                0x000000000000023c       0x2d ./Core/Src/stm32f4xx_hal_msp.o
 .debug_rnglists
                0x0000000000000269       0x6d ./Core/Src/stm32f4xx_it.o
 .debug_rnglists
                0x00000000000002d6       0x13 ./Core/Src/sysmem.o
 .debug_rnglists
                0x00000000000002e9       0x1a ./Core/Src/system_stm32f4xx.o
 .debug_rnglists
                0x0000000000000303       0x19 ./Core/Startup/startup_stm32f446retx.o
 .debug_rnglists
                0x000000000000031c       0xaf ./Drivers/STM32F4xx_HAL_Driver/Src/stm32f4xx_hal.o
 .debug_rnglists
                0x00000000000003cb       0xce ./Drivers/STM32F4xx_HAL_Driver/Src/stm32f4xx_hal_cortex.o
 .debug_rnglists
                0x0000000000000499       0x70 ./Drivers/STM32F4xx_HAL_Driver/Src/stm32f4xx_hal_dma.o
 .debug_rnglists
                0x0000000000000509       0x3f ./Drivers/STM32F4xx_HAL_Driver/Src/stm32f4xx_hal_gpio.o
 .debug_rnglists
                0x0000000000000548       0x66 ./Drivers/STM32F4xx_HAL_Driver/Src/stm32f4xx_hal_rcc.o
 .debug_rnglists
                0x00000000000005ae       0x5e ./Drivers/STM32F4xx_HAL_Driver/Src/stm32f4xx_hal_rcc_ex.o
 .debug_rnglists
                0x000000000000060c      0x31a ./Drivers/STM32F4xx_HAL_Driver/Src/stm32f4xx_hal_tim.o
 .debug_rnglists
                0x0000000000000926      0x125 ./Drivers/STM32F4xx_HAL_Driver/Src/stm32f4xx_hal_tim_ex.o
 .debug_rnglists
                0x0000000000000a4b      0x1b7 ./Drivers/STM32F4xx_HAL_Driver/Src/stm32f4xx_hal_uart.o

.debug_macro    0x0000000000000000    0x22c7a
 .debug_macro   0x0000000000000000      0x1c1 ./Core/Inc/time.o
 .debug_macro   0x00000000000001c1      0x1e7 ./Core/Src/main.o
 .debug_macro   0x00000000000003a8      0xaa8 ./Core/Src/main.o
 .debug_macro   0x0000000000000e50      0x29b ./Core/Src/main.o
 .debug_macro   0x00000000000010eb       0x2e ./Core/Src/main.o
 .debug_macro   0x0000000000001119       0x28 ./Core/Src/main.o
 .debug_macro   0x0000000000001141       0x8e ./Core/Src/main.o
 .debug_macro   0x00000000000011cf       0x51 ./Core/Src/main.o
 .debug_macro   0x0000000000001220       0x1c ./Core/Src/main.o
 .debug_macro   0x000000000000123c       0x22 ./Core/Src/main.o
 .debug_macro   0x000000000000125e       0xd9 ./Core/Src/main.o
 .debug_macro   0x0000000000001337     0x102d ./Core/Src/main.o
 .debug_macro   0x0000000000002364      0x11f ./Core/Src/main.o
 .debug_macro   0x0000000000002483    0x16749 ./Core/Src/main.o
 .debug_macro   0x0000000000018bcc       0x6d ./Core/Src/main.o
 .debug_macro   0x0000000000018c39     0x367e ./Core/Src/main.o
 .debug_macro   0x000000000001c2b7      0x174 ./Core/Src/main.o
 .debug_macro   0x000000000001c42b       0x5c ./Core/Src/main.o
 .debug_macro   0x000000000001c487      0xc90 ./Core/Src/main.o
 .debug_macro   0x000000000001d117      0x9fe ./Core/Src/main.o
 .debug_macro   0x000000000001db15      0x115 ./Core/Src/main.o
 .debug_macro   0x000000000001dc2a      0x1a0 ./Core/Src/main.o
 .debug_macro   0x000000000001ddca       0xa5 ./Core/Src/main.o
 .debug_macro   0x000000000001de6f      0x16d ./Core/Src/main.o
 .debug_macro   0x000000000001dfdc      0x287 ./Core/Src/main.o
 .debug_macro   0x000000000001e263       0x5f ./Core/Src/main.o
 .debug_macro   0x000000000001e2c2      0x236 ./Core/Src/main.o
 .debug_macro   0x000000000001e4f8      0x132 ./Core/Src/main.o
 .debug_macro   0x000000000001e62a      0x29c ./Core/Src/main.o
 .debug_macro   0x000000000001e8c6       0x2e ./Core/Src/main.o
 .debug_macro   0x000000000001e8f4      0x11a ./Core/Src/main.o
 .debug_macro   0x000000000001ea0e       0xe8 ./Core/Src/main.o
 .debug_macro   0x000000000001eaf6       0x89 ./Core/Src/main.o
 .debug_macro   0x000000000001eb7f      0x8e6 ./Core/Src/main.o
 .debug_macro   0x000000000001f465       0x4d ./Core/Src/main.o
 .debug_macro   0x000000000001f4b2      0x295 ./Core/Src/main.o
 .debug_macro   0x000000000001f747      0x126 ./Core/Src/main.o
 .debug_macro   0x000000000001f86d       0x58 ./Core/Src/main.o
 .debug_macro   0x000000000001f8c5      0x41d ./Core/Src/mainpp.o
 .debug_macro   0x000000000001fce2       0x61 ./Core/Src/mainpp.o
 .debug_macro   0x000000000001fd43       0x10 ./Core/Src/mainpp.o
 .debug_macro   0x000000000001fd53       0x20 ./Core/Src/mainpp.o
 .debug_macro   0x000000000001fd73       0x10 ./Core/Src/mainpp.o
 .debug_macro   0x000000000001fd83       0x1c ./Core/Src/mainpp.o
 .debug_macro   0x000000000001fd9f       0xde ./Core/Src/mainpp.o
 .debug_macro   0x000000000001fe7d      0x3cd ./Core/Src/mainpp.o
 .debug_macro   0x000000000002024a       0x10 ./Core/Src/mainpp.o
 .debug_macro   0x000000000002025a     0x102d ./Core/Src/mainpp.o
 .debug_macro   0x0000000000021287       0x56 ./Core/Src/mainpp.o
 .debug_macro   0x00000000000212dd      0x1dd ./Core/Src/stm32f4xx_hal_msp.o
 .debug_macro   0x00000000000214ba      0x1e7 ./Core/Src/stm32f4xx_it.o
 .debug_macro   0x00000000000216a1       0xff ./Core/Src/sysmem.o
 .debug_macro   0x00000000000217a0      0x23c ./Core/Src/sysmem.o
 .debug_macro   0x00000000000219dc      0x1ce ./Core/Src/system_stm32f4xx.o
 .debug_macro   0x0000000000021baa      0x22e ./Drivers/STM32F4xx_HAL_Driver/Src/stm32f4xx_hal.o
 .debug_macro   0x0000000000021dd8      0x1ce ./Drivers/STM32F4xx_HAL_Driver/Src/stm32f4xx_hal_cortex.o
 .debug_macro   0x0000000000021fa6      0x1d4 ./Drivers/STM32F4xx_HAL_Driver/Src/stm32f4xx_hal_dma.o
 .debug_macro   0x000000000002217a      0x1d4 ./Drivers/STM32F4xx_HAL_Driver/Src/stm32f4xx_hal_gpio.o
 .debug_macro   0x000000000002234e      0x1f2 ./Drivers/STM32F4xx_HAL_Driver/Src/stm32f4xx_hal_rcc.o
 .debug_macro   0x0000000000022540      0x1ce ./Drivers/STM32F4xx_HAL_Driver/Src/stm32f4xx_hal_rcc_ex.o
 .debug_macro   0x000000000002270e      0x1cf ./Drivers/STM32F4xx_HAL_Driver/Src/stm32f4xx_hal_tim.o
 .debug_macro   0x00000000000228dd      0x1ce ./Drivers/STM32F4xx_HAL_Driver/Src/stm32f4xx_hal_tim_ex.o
 .debug_macro   0x0000000000022aab      0x1cf ./Drivers/STM32F4xx_HAL_Driver/Src/stm32f4xx_hal_uart.o

.debug_line     0x0000000000000000    0x129be
 .debug_line    0x0000000000000000      0xafa ./Core/Inc/time.o
 .debug_line    0x0000000000000afa      0x8c4 ./Core/Src/main.o
 .debug_line    0x00000000000013be     0x272b ./Core/Src/mainpp.o
 .debug_line    0x0000000000003ae9      0x82a ./Core/Src/stm32f4xx_hal_msp.o
 .debug_line    0x0000000000004313      0x8b1 ./Core/Src/stm32f4xx_it.o
 .debug_line    0x0000000000004bc4      0x579 ./Core/Src/sysmem.o
 .debug_line    0x000000000000513d      0x7c8 ./Core/Src/system_stm32f4xx.o
 .debug_line    0x0000000000005905       0x7a ./Core/Startup/startup_stm32f446retx.o
 .debug_line    0x000000000000597f      0xa2e ./Drivers/STM32F4xx_HAL_Driver/Src/stm32f4xx_hal.o
 .debug_line    0x00000000000063ad      0xcdd ./Drivers/STM32F4xx_HAL_Driver/Src/stm32f4xx_hal_cortex.o
 .debug_line    0x000000000000708a      0xf92 ./Drivers/STM32F4xx_HAL_Driver/Src/stm32f4xx_hal_dma.o
 .debug_line    0x000000000000801c      0xb8e ./Drivers/STM32F4xx_HAL_Driver/Src/stm32f4xx_hal_gpio.o
 .debug_line    0x0000000000008baa      0xdb3 ./Drivers/STM32F4xx_HAL_Driver/Src/stm32f4xx_hal_rcc.o
 .debug_line    0x000000000000995d     0x144c ./Drivers/STM32F4xx_HAL_Driver/Src/stm32f4xx_hal_rcc_ex.o
 .debug_line    0x000000000000ada9     0x371a ./Drivers/STM32F4xx_HAL_Driver/Src/stm32f4xx_hal_tim.o
 .debug_line    0x000000000000e4c3     0x1a2b ./Drivers/STM32F4xx_HAL_Driver/Src/stm32f4xx_hal_tim_ex.o
 .debug_line    0x000000000000feee     0x2ad0 ./Drivers/STM32F4xx_HAL_Driver/Src/stm32f4xx_hal_uart.o

.debug_str      0x0000000000000000    0xd6408
 .debug_str     0x0000000000000000     0xa476 ./Core/Inc/time.o
                                       0xa786 (size before relaxing)
 .debug_str     0x000000000000a476    0xc6252 ./Core/Src/main.o
                                      0xca2d7 (size before relaxing)
 .debug_str     0x00000000000d06c8     0x2a5a ./Core/Src/mainpp.o
                                      0xd27c0 (size before relaxing)
 .debug_str     0x00000000000d3122       0xe3 ./Core/Src/stm32f4xx_hal_msp.o
                                      0xca055 (size before relaxing)
 .debug_str     0x00000000000d3205      0x1a8 ./Core/Src/stm32f4xx_it.o
                                      0xc99dc (size before relaxing)
 .debug_str     0x00000000000d33ad      0x534 ./Core/Src/sysmem.o
                                       0x6063 (size before relaxing)
 .debug_str     0x00000000000d38e1       0xdb ./Core/Src/system_stm32f4xx.o
                                      0xc91cb (size before relaxing)
 .debug_str     0x00000000000d39bc       0x34 ./Core/Startup/startup_stm32f446retx.o
                                         0x75 (size before relaxing)
 .debug_str     0x00000000000d39f0      0x5ee ./Drivers/STM32F4xx_HAL_Driver/Src/stm32f4xx_hal.o
                                      0xc9d90 (size before relaxing)
 .debug_str     0x00000000000d3fde      0x31a ./Drivers/STM32F4xx_HAL_Driver/Src/stm32f4xx_hal_cortex.o
                                      0xc9a9e (size before relaxing)
 .debug_str     0x00000000000d42f8      0x2ee ./Drivers/STM32F4xx_HAL_Driver/Src/stm32f4xx_hal_dma.o
                                      0xc95c0 (size before relaxing)